Archive member included to satisfy reference by file (symbol)

d:/stm32/gcc-arm-none-eabi-9-2019-q4-major-win32/bin/../lib/gcc/arm-none-eabi/9.2.1/thumb/v7-m/nofp\libgcc.a(_arm_addsubdf3.o)
                              CMakeFiles/BH1750.elf.dir/Src/bh1750.c.obj (__aeabi_f2d)
d:/stm32/gcc-arm-none-eabi-9-2019-q4-major-win32/bin/../lib/gcc/arm-none-eabi/9.2.1/thumb/v7-m/nofp\libgcc.a(_arm_muldivdf3.o)
                              CMakeFiles/BH1750.elf.dir/Src/bh1750.c.obj (__aeabi_ddiv)
d:/stm32/gcc-arm-none-eabi-9-2019-q4-major-win32/bin/../lib/gcc/arm-none-eabi/9.2.1/thumb/v7-m/nofp\libgcc.a(_arm_fixunsdfsi.o)
                              CMakeFiles/BH1750.elf.dir/Src/bh1750.c.obj (__aeabi_d2uiz)
d:/stm32/gcc-arm-none-eabi-9-2019-q4-major-win32/bin/../lib/gcc/arm-none-eabi/9.2.1/thumb/v7-m/nofp\libgcc.a(_arm_addsubsf3.o)
                              CMakeFiles/BH1750.elf.dir/Src/bh1750.c.obj (__aeabi_ui2f)
d:/stm32/gcc-arm-none-eabi-9-2019-q4-major-win32/bin/../lib/gcc/arm-none-eabi/9.2.1/../../../../arm-none-eabi/lib/thumb/v7-m/nofp\libg.a(lib_a-errno.o)
                              CMakeFiles/BH1750.elf.dir/Src/syscalls.c.obj (__errno)
d:/stm32/gcc-arm-none-eabi-9-2019-q4-major-win32/bin/../lib/gcc/arm-none-eabi/9.2.1/../../../../arm-none-eabi/lib/thumb/v7-m/nofp\libg.a(lib_a-exit.o)
                              d:/stm32/gcc-arm-none-eabi-9-2019-q4-major-win32/bin/../lib/gcc/arm-none-eabi/9.2.1/../../../../arm-none-eabi/lib/thumb/v7-m/nofp/crt0.o (exit)
d:/stm32/gcc-arm-none-eabi-9-2019-q4-major-win32/bin/../lib/gcc/arm-none-eabi/9.2.1/../../../../arm-none-eabi/lib/thumb/v7-m/nofp\libg.a(lib_a-impure.o)
                              d:/stm32/gcc-arm-none-eabi-9-2019-q4-major-win32/bin/../lib/gcc/arm-none-eabi/9.2.1/../../../../arm-none-eabi/lib/thumb/v7-m/nofp\libg.a(lib_a-exit.o) (_global_impure_ptr)
d:/stm32/gcc-arm-none-eabi-9-2019-q4-major-win32/bin/../lib/gcc/arm-none-eabi/9.2.1/../../../../arm-none-eabi/lib/thumb/v7-m/nofp\libg.a(lib_a-init.o)
                              d:/stm32/gcc-arm-none-eabi-9-2019-q4-major-win32/bin/../lib/gcc/arm-none-eabi/9.2.1/../../../../arm-none-eabi/lib/thumb/v7-m/nofp/crt0.o (__libc_init_array)
d:/stm32/gcc-arm-none-eabi-9-2019-q4-major-win32/bin/../lib/gcc/arm-none-eabi/9.2.1/../../../../arm-none-eabi/lib/thumb/v7-m/nofp\libg.a(lib_a-memset.o)
                              d:/stm32/gcc-arm-none-eabi-9-2019-q4-major-win32/bin/../lib/gcc/arm-none-eabi/9.2.1/../../../../arm-none-eabi/lib/thumb/v7-m/nofp/crt0.o (memset)
d:/stm32/gcc-arm-none-eabi-9-2019-q4-major-win32/bin/../lib/gcc/arm-none-eabi/9.2.1/../../../../arm-none-eabi/lib/thumb/v7-m/nofp\libg.a(lib_a-printf.o)
                              CMakeFiles/BH1750.elf.dir/Src/main.c.obj (printf)
d:/stm32/gcc-arm-none-eabi-9-2019-q4-major-win32/bin/../lib/gcc/arm-none-eabi/9.2.1/../../../../arm-none-eabi/lib/thumb/v7-m/nofp\libg.a(lib_a-vfprintf.o)
                              d:/stm32/gcc-arm-none-eabi-9-2019-q4-major-win32/bin/../lib/gcc/arm-none-eabi/9.2.1/../../../../arm-none-eabi/lib/thumb/v7-m/nofp\libg.a(lib_a-printf.o) (_vfprintf_r)
d:/stm32/gcc-arm-none-eabi-9-2019-q4-major-win32/bin/../lib/gcc/arm-none-eabi/9.2.1/../../../../arm-none-eabi/lib/thumb/v7-m/nofp\libg.a(lib_a-wsetup.o)
                              d:/stm32/gcc-arm-none-eabi-9-2019-q4-major-win32/bin/../lib/gcc/arm-none-eabi/9.2.1/../../../../arm-none-eabi/lib/thumb/v7-m/nofp\libg.a(lib_a-vfprintf.o) (__swsetup_r)
d:/stm32/gcc-arm-none-eabi-9-2019-q4-major-win32/bin/../lib/gcc/arm-none-eabi/9.2.1/../../../../arm-none-eabi/lib/thumb/v7-m/nofp\libg.a(lib_a-__call_atexit.o)
                              d:/stm32/gcc-arm-none-eabi-9-2019-q4-major-win32/bin/../lib/gcc/arm-none-eabi/9.2.1/../../../../arm-none-eabi/lib/thumb/v7-m/nofp\libg.a(lib_a-exit.o) (__call_exitprocs)
d:/stm32/gcc-arm-none-eabi-9-2019-q4-major-win32/bin/../lib/gcc/arm-none-eabi/9.2.1/../../../../arm-none-eabi/lib/thumb/v7-m/nofp\libg.a(lib_a-atexit.o)
                              d:/stm32/gcc-arm-none-eabi-9-2019-q4-major-win32/bin/../lib/gcc/arm-none-eabi/9.2.1/../../../../arm-none-eabi/lib/thumb/v7-m/nofp\libg.a(lib_a-__call_atexit.o) (atexit)
d:/stm32/gcc-arm-none-eabi-9-2019-q4-major-win32/bin/../lib/gcc/arm-none-eabi/9.2.1/../../../../arm-none-eabi/lib/thumb/v7-m/nofp\libg.a(lib_a-dtoa.o)
                              d:/stm32/gcc-arm-none-eabi-9-2019-q4-major-win32/bin/../lib/gcc/arm-none-eabi/9.2.1/../../../../arm-none-eabi/lib/thumb/v7-m/nofp\libg.a(lib_a-vfprintf.o) (_dtoa_r)
d:/stm32/gcc-arm-none-eabi-9-2019-q4-major-win32/bin/../lib/gcc/arm-none-eabi/9.2.1/../../../../arm-none-eabi/lib/thumb/v7-m/nofp\libg.a(lib_a-fflush.o)
                              d:/stm32/gcc-arm-none-eabi-9-2019-q4-major-win32/bin/../lib/gcc/arm-none-eabi/9.2.1/../../../../arm-none-eabi/lib/thumb/v7-m/nofp\libg.a(lib_a-vfprintf.o) (_fflush_r)
[...]
Memory Configuration

Name             Origin             Length             Attributes
RAM              0x20000000         0x00010000         xrw
FLASH            0x08000000         0x00080000         xr
*default*        0x00000000         0xffffffff

Linker script and memory map

LOAD d:/stm32/gcc-arm-none-eabi-9-2019-q4-major-win32/bin/../lib/gcc/arm-none-eabi/9.2.1/thumb/v7-m/nofp/crti.o
LOAD d:/stm32/gcc-arm-none-eabi-9-2019-q4-major-win32/bin/../lib/gcc/arm-none-eabi/9.2.1/thumb/v7-m/nofp/crtbegin.o
LOAD d:/stm32/gcc-arm-none-eabi-9-2019-q4-major-win32/bin/../lib/gcc/arm-none-eabi/9.2.1/../../../../arm-none-eabi/lib/thumb/v7-m/nofp/crt0.o
LOAD CMakeFiles/BH1750.elf.dir/Drivers/STM32F1xx_HAL_Driver/Src/stm32f1xx_hal.c.obj
LOAD CMakeFiles/BH1750.elf.dir/Drivers/STM32F1xx_HAL_Driver/Src/stm32f1xx_hal_cortex.c.obj
LOAD CMakeFiles/BH1750.elf.dir/Drivers/STM32F1xx_HAL_Driver/Src/stm32f1xx_hal_dma.c.obj
LOAD CMakeFiles/BH1750.elf.dir/Drivers/STM32F1xx_HAL_Driver/Src/stm32f1xx_hal_exti.c.obj
LOAD CMakeFiles/BH1750.elf.dir/Drivers/STM32F1xx_HAL_Driver/Src/stm32f1xx_hal_flash.c.obj
LOAD CMakeFiles/BH1750.elf.dir/Drivers/STM32F1xx_HAL_Driver/Src/stm32f1xx_hal_flash_ex.c.obj
LOAD CMakeFiles/BH1750.elf.dir/Drivers/STM32F1xx_HAL_Driver/Src/stm32f1xx_hal_gpio.c.obj
LOAD CMakeFiles/BH1750.elf.dir/Drivers/STM32F1xx_HAL_Driver/Src/stm32f1xx_hal_gpio_ex.c.obj
LOAD CMakeFiles/BH1750.elf.dir/Drivers/STM32F1xx_HAL_Driver/Src/stm32f1xx_hal_i2c.c.obj
LOAD CMakeFiles/BH1750.elf.dir/Drivers/STM32F1xx_HAL_Driver/Src/stm32f1xx_hal_pwr.c.obj
LOAD CMakeFiles/BH1750.elf.dir/Drivers/STM32F1xx_HAL_Driver/Src/stm32f1xx_hal_rcc.c.obj
LOAD CMakeFiles/BH1750.elf.dir/Drivers/STM32F1xx_HAL_Driver/Src/stm32f1xx_hal_rcc_ex.c.obj
LOAD CMakeFiles/BH1750.elf.dir/Drivers/STM32F1xx_HAL_Driver/Src/stm32f1xx_hal_rtc.c.obj
LOAD CMakeFiles/BH1750.elf.dir/Drivers/STM32F1xx_HAL_Driver/Src/stm32f1xx_hal_rtc_ex.c.obj
LOAD CMakeFiles/BH1750.elf.dir/Drivers/STM32F1xx_HAL_Driver/Src/stm32f1xx_hal_tim.c.obj
LOAD CMakeFiles/BH1750.elf.dir/Drivers/STM32F1xx_HAL_Driver/Src/stm32f1xx_hal_tim_ex.c.obj
LOAD CMakeFiles/BH1750.elf.dir/Drivers/STM32F1xx_HAL_Driver/Src/stm32f1xx_hal_uart.c.obj
LOAD CMakeFiles/BH1750.elf.dir/Src/bh1750.c.obj
LOAD CMakeFiles/BH1750.elf.dir/Src/delay.c.obj
LOAD CMakeFiles/BH1750.elf.dir/Src/gpio.c.obj
LOAD CMakeFiles/BH1750.elf.dir/Src/gy30.c.obj
LOAD CMakeFiles/BH1750.elf.dir/Src/i2c.c.obj
LOAD CMakeFiles/BH1750.elf.dir/Src/main.c.obj
LOAD CMakeFiles/BH1750.elf.dir/Src/rtc.c.obj
LOAD CMakeFiles/BH1750.elf.dir/Src/stm32f1xx_hal_msp.c.obj
LOAD CMakeFiles/BH1750.elf.dir/Src/stm32f1xx_it.c.obj
LOAD CMakeFiles/BH1750.elf.dir/Src/syscalls.c.obj
LOAD CMakeFiles/BH1750.elf.dir/Src/system_stm32f1xx.c.obj
LOAD CMakeFiles/BH1750.elf.dir/Src/usart.c.obj
LOAD CMakeFiles/BH1750.elf.dir/startup/startup_stm32f103xe.s.obj
START GROUP
LOAD d:/stm32/gcc-arm-none-eabi-9-2019-q4-major-win32/bin/../lib/gcc/arm-none-eabi/9.2.1/thumb/v7-m/nofp\libgcc.a
LOAD d:/stm32/gcc-arm-none-eabi-9-2019-q4-major-win32/bin/../lib/gcc/arm-none-eabi/9.2.1/../../../../arm-none-eabi/lib/thumb/v7-m/nofp\libg.a
LOAD d:/stm32/gcc-arm-none-eabi-9-2019-q4-major-win32/bin/../lib/gcc/arm-none-eabi/9.2.1/../../../../arm-none-eabi/lib/thumb/v7-m/nofp\libc.a
END GROUP
LOAD d:/stm32/gcc-arm-none-eabi-9-2019-q4-major-win32/bin/../lib/gcc/arm-none-eabi/9.2.1/thumb/v7-m/nofp/crtend.o
LOAD d:/stm32/gcc-arm-none-eabi-9-2019-q4-major-win32/bin/../lib/gcc/arm-none-eabi/9.2.1/thumb/v7-m/nofp/crtn.o
                0x20010000                _estack = (ORIGIN (RAM) + LENGTH (RAM))
                0x00000200                _Min_Heap_Size = 0x200
                0x00000400                _Min_Stack_Size = 0x400

.isr_vector     0x08000000      0x1e4
                0x08000000                . = ALIGN (0x4)
 *(.isr_vector)
 .isr_vector    0x08000000      0x1e4 CMakeFiles/BH1750.elf.dir/startup/startup_stm32f103xe.s.obj
                0x08000000                g_pfnVectors
                0x080001e4                . = ALIGN (0x4)

.text           0x080001e8     0x78e4
                0x080001e8                . = ALIGN (0x4)
 *(.text)
 .text          0x080001e8       0x40 d:/stm32/gcc-arm-none-eabi-9-2019-q4-major-win32/bin/../lib/gcc/arm-none-eabi/9.2.1/thumb/v7-m/nofp/crtbegin.o
 .text          0x08000228      0x378 d:/stm32/gcc-arm-none-eabi-9-2019-q4-major-win32/bin/../lib/gcc/arm-none-eabi/9.2.1/thumb/v7-m/nofp\libgcc.a(_arm_addsubdf3.o)
                0x08000228                __aeabi_drsub
                0x08000230                __aeabi_dsub
                0x08000230                __subdf3
                0x08000234                __aeabi_dadd
                0x08000234                __adddf3
                0x080004ac                __floatunsidf
                0x080004ac                __aeabi_ui2d
                0x080004cc                __floatsidf
                0x080004cc                __aeabi_i2d
                0x080004f0                __aeabi_f2d
                0x080004f0                __extendsfdf2
                0x08000534                __floatundidf
                0x08000534                __aeabi_ul2d
                0x08000544                __floatdidf
                0x08000544                __aeabi_l2d
 .text          0x080005a0      0x424 d:/stm32/gcc-arm-none-eabi-9-2019-q4-major-win32/bin/../lib/gcc/arm-none-eabi/9.2.1/thumb/v7-m/nofp\libgcc.a(_arm_muldivdf3.o)
                0x080005a0                __aeabi_dmul
                0x080005a0                __muldf3
                0x080007f4                __divdf3
                0x080007f4                __aeabi_ddiv
 .text          0x080009c4       0x40 d:/stm32/gcc-arm-none-eabi-9-2019-q4-major-win32/bin/../lib/gcc/arm-none-eabi/9.2.1/thumb/v7-m/nofp\libgcc.a(_arm_fixunsdfsi.o)
                0x080009c4                __aeabi_d2uiz
                0x080009c4                __fixunsdfsi
 .text          0x08000a04      0x21c d:/stm32/gcc-arm-none-eabi-9-2019-q4-major-win32/bin/../lib/gcc/arm-none-eabi/9.2.1/thumb/v7-m/nofp\libgcc.a(_arm_addsubsf3.o)
                0x08000a04                __aeabi_frsub
                0x08000a0c                __subsf3
                0x08000a0c                __aeabi_fsub
                0x08000a10                __aeabi_fadd
                0x08000a10                __addsf3
                0x08000b70                __aeabi_ui2f
                0x08000b70                __floatunsisf
                0x08000b78                __aeabi_i2f
                0x08000b78                __floatsisf
                0x08000b94                __aeabi_ul2f
                0x08000b94                __floatundisf
                0x08000ba4                __aeabi_l2f
                0x08000ba4                __floatdisf
 .text          0x08000c20       0xec d:/stm32/gcc-arm-none-eabi-9-2019-q4-major-win32/bin/../lib/gcc/arm-none-eabi/9.2.1/../../../../arm-none-eabi/lib/thumb/v7-m/nofp\libg.a(lib_a-memcpy.o)
                0x08000c20                memcpy
 .text          0x08000d0c      0x110 d:/stm32/gcc-arm-none-eabi-9-2019-q4-major-win32/bin/../lib/gcc/arm-none-eabi/9.2.1/thumb/v7-m/nofp\libgcc.a(_arm_cmpdf2.o)
                0x08000d0c                __gtdf2
                0x08000d0c                __gedf2
                0x08000d14                __ltdf2
                0x08000d14                __ledf2
                0x08000d1c                __nedf2
                0x08000d1c                __eqdf2
                0x08000d1c                __cmpdf2
                0x08000d98                __aeabi_cdrcmple
                0x08000da8                __aeabi_cdcmpeq
                0x08000da8                __aeabi_cdcmple
                0x08000db8                __aeabi_dcmpeq
                0x08000dcc                __aeabi_dcmplt
                0x08000de0                __aeabi_dcmple
                0x08000df4                __aeabi_dcmpge
                0x08000e08                __aeabi_dcmpgt
 .text          0x08000e1c       0x2c d:/stm32/gcc-arm-none-eabi-9-2019-q4-major-win32/bin/../lib/gcc/arm-none-eabi/9.2.1/thumb/v7-m/nofp\libgcc.a(_arm_unorddf2.o)
                0x08000e1c                __unorddf2
                0x08000e1c                __aeabi_dcmpun
 .text          0x08000e48       0x50 d:/stm32/gcc-arm-none-eabi-9-2019-q4-major-win32/bin/../lib/gcc/arm-none-eabi/9.2.1/thumb/v7-m/nofp\libgcc.a(_arm_fixdfsi.o)
                0x08000e48                __aeabi_d2iz
                0x08000e48                __fixdfsi
 .text          0x08000e98       0x30 d:/stm32/gcc-arm-none-eabi-9-2019-q4-major-win32/bin/../lib/gcc/arm-none-eabi/9.2.1/thumb/v7-m/nofp\libgcc.a(_aeabi_uldivmod.o)
                0x08000e98                __aeabi_uldivmod
 .text          0x08000ec8      0x2c4 d:/stm32/gcc-arm-none-eabi-9-2019-q4-major-win32/bin/../lib/gcc/arm-none-eabi/9.2.1/thumb/v7-m/nofp\libgcc.a(_udivmoddi4.o)
                0x08000ec8                __udivmoddi4
 .text          0x0800118c        0x4 d:/stm32/gcc-arm-none-eabi-9-2019-q4-major-win32/bin/../lib/gcc/arm-none-eabi/9.2.1/thumb/v7-m/nofp\libgcc.a(_dvmd_tls.o)
                0x0800118c                __aeabi_idiv0
                0x0800118c                __aeabi_ldiv0
 *(.text*)
 .text.HAL_InitTick
                0x08001190       0x4c CMakeFiles/BH1750.elf.dir/Drivers/STM32F1xx_HAL_Driver/Src/stm32f1xx_hal.c.obj
                0x08001190                HAL_InitTick
 .text.HAL_Init
                0x080011dc       0x24 CMakeFiles/BH1750.elf.dir/Drivers/STM32F1xx_HAL_Driver/Src/stm32f1xx_hal.c.obj
                0x080011dc                HAL_Init
 .text.HAL_IncTick
                0x08001200       0x18 CMakeFiles/BH1750.elf.dir/Drivers/STM32F1xx_HAL_Driver/Src/stm32f1xx_hal.c.obj
                0x08001200                HAL_IncTick
 .text.HAL_GetTick
                0x08001218        0xc CMakeFiles/BH1750.elf.dir/Drivers/STM32F1xx_HAL_Driver/Src/stm32f1xx_hal.c.obj
                0x08001218                HAL_GetTick
 .text.HAL_Delay
                0x08001224       0x28 CMakeFiles/BH1750.elf.dir/Drivers/STM32F1xx_HAL_Driver/Src/stm32f1xx_hal.c.obj
                0x08001224                HAL_Delay
 .text.HAL_NVIC_SetPriorityGrouping
                0x0800124c       0x24 CMakeFiles/BH1750.elf.dir/Drivers/STM32F1xx_HAL_Driver/Src/stm32f1xx_hal_cortex.c.obj
                0x0800124c                HAL_NVIC_SetPriorityGrouping
 .text.HAL_NVIC_SetPriority
                0x08001270       0x68 CMakeFiles/BH1750.elf.dir/Drivers/STM32F1xx_HAL_Driver/Src/stm32f1xx_hal_cortex.c.obj
                0x08001270                HAL_NVIC_SetPriority
 .text.HAL_SYSTICK_Config
                0x080012d8       0x2c CMakeFiles/BH1750.elf.dir/Drivers/STM32F1xx_HAL_Driver/Src/stm32f1xx_hal_cortex.c.obj
                0x080012d8                HAL_SYSTICK_Config
 .text.HAL_GPIO_Init
                0x08001304      0x238 CMakeFiles/BH1750.elf.dir/Drivers/STM32F1xx_HAL_Driver/Src/stm32f1xx_hal_gpio.c.obj
                0x08001304                HAL_GPIO_Init
 .text.HAL_GPIO_ReadPin
                0x0800153c        0xe CMakeFiles/BH1750.elf.dir/Drivers/STM32F1xx_HAL_Driver/Src/stm32f1xx_hal_gpio.c.obj
                0x0800153c                HAL_GPIO_ReadPin
 .text.HAL_GPIO_WritePin
                0x0800154a        0xc CMakeFiles/BH1750.elf.dir/Drivers/STM32F1xx_HAL_Driver/Src/stm32f1xx_hal_gpio.c.obj
                0x0800154a                HAL_GPIO_WritePin
 *fill*         0x08001556        0x2 
 .text.HAL_I2C_Init
                0x08001558      0x1bc CMakeFiles/BH1750.elf.dir/Drivers/STM32F1xx_HAL_Driver/Src/stm32f1xx_hal_i2c.c.obj
                0x08001558                HAL_I2C_Init
 .text.HAL_PWR_EnableBkUpAccess
                0x08001714        0xc CMakeFiles/BH1750.elf.dir/Drivers/STM32F1xx_HAL_Driver/Src/stm32f1xx_hal_pwr.c.obj
                0x08001714                HAL_PWR_EnableBkUpAccess
 .text.RCC_Delay
                0x08001720       0x2c CMakeFiles/BH1750.elf.dir/Drivers/STM32F1xx_HAL_Driver/Src/stm32f1xx_hal_rcc.c.obj
 .text.HAL_RCC_OscConfig
                0x0800174c      0x410 CMakeFiles/BH1750.elf.dir/Drivers/STM32F1xx_HAL_Driver/Src/stm32f1xx_hal_rcc.c.obj
                0x0800174c                HAL_RCC_OscConfig
 .text.HAL_RCC_GetSysClockFreq
                0x08001b5c       0x54 CMakeFiles/BH1750.elf.dir/Drivers/STM32F1xx_HAL_Driver/Src/stm32f1xx_hal_rcc.c.obj
                0x08001b5c                HAL_RCC_GetSysClockFreq
 .text.HAL_RCC_ClockConfig
                0x08001bb0      0x16c CMakeFiles/BH1750.elf.dir/Drivers/STM32F1xx_HAL_Driver/Src/stm32f1xx_hal_rcc.c.obj
                0x08001bb0                HAL_RCC_ClockConfig
 .text.HAL_RCC_GetHCLKFreq
                0x08001d1c        0xc CMakeFiles/BH1750.elf.dir/Drivers/STM32F1xx_HAL_Driver/Src/stm32f1xx_hal_rcc.c.obj
                0x08001d1c                HAL_RCC_GetHCLKFreq
 .text.HAL_RCC_GetPCLK1Freq
                0x08001d28       0x20 CMakeFiles/BH1750.elf.dir/Drivers/STM32F1xx_HAL_Driver/Src/stm32f1xx_hal_rcc.c.obj
                0x08001d28                HAL_RCC_GetPCLK1Freq
 .text.HAL_RCC_GetPCLK2Freq
                0x08001d48       0x20 CMakeFiles/BH1750.elf.dir/Drivers/STM32F1xx_HAL_Driver/Src/stm32f1xx_hal_rcc.c.obj
                0x08001d48                HAL_RCC_GetPCLK2Freq
 .text.HAL_RCCEx_PeriphCLKConfig
                0x08001d68      0x114 CMakeFiles/BH1750.elf.dir/Drivers/STM32F1xx_HAL_Driver/Src/stm32f1xx_hal_rcc_ex.c.obj
                0x08001d68                HAL_RCCEx_PeriphCLKConfig
 .text.HAL_RCCEx_GetPeriphCLKFreq
                0x08001e7c       0xf4 CMakeFiles/BH1750.elf.dir/Drivers/STM32F1xx_HAL_Driver/Src/stm32f1xx_hal_rcc_ex.c.obj
                0x08001e7c                HAL_RCCEx_GetPeriphCLKFreq
 .text.RTC_EnterInitMode
                0x08001f70       0x30 CMakeFiles/BH1750.elf.dir/Drivers/STM32F1xx_HAL_Driver/Src/stm32f1xx_hal_rtc.c.obj
 .text.RTC_ExitInitMode
                0x08001fa0       0x32 CMakeFiles/BH1750.elf.dir/Drivers/STM32F1xx_HAL_Driver/Src/stm32f1xx_hal_rtc.c.obj
 .text.HAL_RTC_WaitForSynchro
                0x08001fd2       0x38 CMakeFiles/BH1750.elf.dir/Drivers/STM32F1xx_HAL_Driver/Src/stm32f1xx_hal_rtc.c.obj
                0x08001fd2                HAL_RTC_WaitForSynchro
 *fill*         0x0800200a        0x2 
 .text.HAL_RTC_Init
                0x0800200c       0xb0 CMakeFiles/BH1750.elf.dir/Drivers/STM32F1xx_HAL_Driver/Src/stm32f1xx_hal_rtc.c.obj
                0x0800200c                HAL_RTC_Init
 .text.UART_SetConfig
                0x080020bc       0x90 CMakeFiles/BH1750.elf.dir/Drivers/STM32F1xx_HAL_Driver/Src/stm32f1xx_hal_uart.c.obj
 .text.UART_WaitOnFlagUntilTimeout
                0x0800214c       0x84 CMakeFiles/BH1750.elf.dir/Drivers/STM32F1xx_HAL_Driver/Src/stm32f1xx_hal_uart.c.obj
 .text.HAL_UART_Init
                0x080021d0       0x60 CMakeFiles/BH1750.elf.dir/Drivers/STM32F1xx_HAL_Driver/Src/stm32f1xx_hal_uart.c.obj
                0x080021d0                HAL_UART_Init
 .text.HAL_UART_Transmit
                0x08002230       0xbe CMakeFiles/BH1750.elf.dir/Drivers/STM32F1xx_HAL_Driver/Src/stm32f1xx_hal_uart.c.obj
                0x08002230                HAL_UART_Transmit
 .text.delay_nus
                0x080022ee       0x9e CMakeFiles/BH1750.elf.dir/Src/bh1750.c.obj
                0x080022ee                delay_nus
 .text.BH1750_Start
                0x0800238c       0x40 CMakeFiles/BH1750.elf.dir/Src/bh1750.c.obj
                0x0800238c                BH1750_Start
 .text.BH1750_Stop
                0x080023cc       0x34 CMakeFiles/BH1750.elf.dir/Src/bh1750.c.obj
                0x080023cc                BH1750_Stop
 .text.BH1750_SendACK
                0x08002400       0x60 CMakeFiles/BH1750.elf.dir/Src/bh1750.c.obj
                0x08002400                BH1750_SendACK
 .text.BH1750_RecvACK
                0x08002460       0x74 CMakeFiles/BH1750.elf.dir/Src/bh1750.c.obj
                0x08002460                BH1750_RecvACK
 .text.BH1750_SendByte
                0x080024d4       0x5c CMakeFiles/BH1750.elf.dir/Src/bh1750.c.obj
                0x080024d4                BH1750_SendByte
 .text.Init_BH1750
                0x08002530       0x18 CMakeFiles/BH1750.elf.dir/Src/bh1750.c.obj
                0x08002530                Init_BH1750
 .text.Single_Write_BH1750
                0x08002548       0x1a CMakeFiles/BH1750.elf.dir/Src/bh1750.c.obj
                0x08002548                Single_Write_BH1750
 *fill*         0x08002562        0x2 
 .text.BH1750_RecvByte
                0x08002564       0x80 CMakeFiles/BH1750.elf.dir/Src/bh1750.c.obj
                0x08002564                BH1750_RecvByte
 .text.mread    0x080025e4       0x3c CMakeFiles/BH1750.elf.dir/Src/bh1750.c.obj
                0x080025e4                mread
 .text.Value_GY30
                0x08002620       0x48 CMakeFiles/BH1750.elf.dir/Src/bh1750.c.obj
                0x08002620                Value_GY30
 .text.MX_GPIO_Init
                0x08002668       0x30 CMakeFiles/BH1750.elf.dir/Src/gpio.c.obj
                0x08002668                MX_GPIO_Init
 .text.MX_I2C1_Init
                0x08002698       0x3c CMakeFiles/BH1750.elf.dir/Src/i2c.c.obj
                0x08002698                MX_I2C1_Init
 .text.HAL_I2C_MspInit
                0x080026d4       0x64 CMakeFiles/BH1750.elf.dir/Src/i2c.c.obj
                0x080026d4                HAL_I2C_MspInit
 .text.Error_Handler
                0x08002738        0x4 CMakeFiles/BH1750.elf.dir/Src/main.c.obj
                0x08002738                Error_Handler
 .text.SystemClock_Config
                0x0800273c       0x86 CMakeFiles/BH1750.elf.dir/Src/main.c.obj
                0x0800273c                SystemClock_Config
 *fill*         0x080027c2        0x2 
 .text.main     0x080027c4       0x40 CMakeFiles/BH1750.elf.dir/Src/main.c.obj
                0x080027c4                main
 .text.MX_RTC_Init
                0x08002804       0x2c CMakeFiles/BH1750.elf.dir/Src/rtc.c.obj
                0x08002804                MX_RTC_Init
 .text.HAL_RTC_MspInit
                0x08002830       0x40 CMakeFiles/BH1750.elf.dir/Src/rtc.c.obj
                0x08002830                HAL_RTC_MspInit
 .text.HAL_MspInit
                0x08002870       0x44 CMakeFiles/BH1750.elf.dir/Src/stm32f1xx_hal_msp.c.obj
                0x08002870                HAL_MspInit
 .text.NMI_Handler
                0x080028b4        0x2 CMakeFiles/BH1750.elf.dir/Src/stm32f1xx_it.c.obj
                0x080028b4                NMI_Handler
 .text.HardFault_Handler
                0x080028b6        0x2 CMakeFiles/BH1750.elf.dir/Src/stm32f1xx_it.c.obj
                0x080028b6                HardFault_Handler
 .text.MemManage_Handler
                0x080028b8        0x2 CMakeFiles/BH1750.elf.dir/Src/stm32f1xx_it.c.obj
                0x080028b8                MemManage_Handler
 .text.BusFault_Handler
                0x080028ba        0x2 CMakeFiles/BH1750.elf.dir/Src/stm32f1xx_it.c.obj
                0x080028ba                BusFault_Handler
 .text.UsageFault_Handler
                0x080028bc        0x2 CMakeFiles/BH1750.elf.dir/Src/stm32f1xx_it.c.obj
                0x080028bc                UsageFault_Handler
 .text.SVC_Handler
                0x080028be        0x2 CMakeFiles/BH1750.elf.dir/Src/stm32f1xx_it.c.obj
                0x080028be                SVC_Handler
 .text.DebugMon_Handler
                0x080028c0        0x2 CMakeFiles/BH1750.elf.dir/Src/stm32f1xx_it.c.obj
                0x080028c0                DebugMon_Handler
 .text.PendSV_Handler
                0x080028c2        0x2 CMakeFiles/BH1750.elf.dir/Src/stm32f1xx_it.c.obj
                0x080028c2                PendSV_Handler
 .text.SysTick_Handler
                0x080028c4        0x8 CMakeFiles/BH1750.elf.dir/Src/stm32f1xx_it.c.obj
                0x080028c4                SysTick_Handler
 .text._read    0x080028cc       0x20 CMakeFiles/BH1750.elf.dir/Src/syscalls.c.obj
                0x080028cc                _read
 .text._write   0x080028ec       0x1c CMakeFiles/BH1750.elf.dir/Src/syscalls.c.obj
                0x080028ec                _write
 .text._sbrk    0x08002908       0x3c CMakeFiles/BH1750.elf.dir/Src/syscalls.c.obj
                0x08002908                _sbrk
 .text._close   0x08002944        0x6 CMakeFiles/BH1750.elf.dir/Src/syscalls.c.obj
                0x08002944                _close
 .text._fstat   0x0800294a        0xa CMakeFiles/BH1750.elf.dir/Src/syscalls.c.obj
                0x0800294a                _fstat
 .text._isatty  0x08002954        0x4 CMakeFiles/BH1750.elf.dir/Src/syscalls.c.obj
                0x08002954                _isatty
 .text._lseek   0x08002958        0x4 CMakeFiles/BH1750.elf.dir/Src/syscalls.c.obj
                0x08002958                _lseek
 .text.SystemInit
                0x0800295c        0x2 CMakeFiles/BH1750.elf.dir/Src/system_stm32f1xx.c.obj
                0x0800295c                SystemInit
 *fill*         0x0800295e        0x2 
 .text.MX_USART1_UART_Init
                0x08002960       0x34 CMakeFiles/BH1750.elf.dir/Src/usart.c.obj
                0x08002960                MX_USART1_UART_Init
 .text.HAL_UART_MspInit
                0x08002994       0x78 CMakeFiles/BH1750.elf.dir/Src/usart.c.obj
                0x08002994                HAL_UART_MspInit
 .text.__io_putchar
                0x08002a0c       0x20 CMakeFiles/BH1750.elf.dir/Src/usart.c.obj
                0x08002a0c                __io_putchar
 .text.Reset_Handler
                0x08002a2c       0x48 CMakeFiles/BH1750.elf.dir/startup/startup_stm32f103xe.s.obj
                0x08002a2c                Reset_Handler
 .text.Default_Handler
                0x08002a74        0x2 CMakeFiles/BH1750.elf.dir/startup/startup_stm32f103xe.s.obj
                0x08002a74                RTC_Alarm_IRQHandler
                0x08002a74                EXTI2_IRQHandler
                0x08002a74                TIM8_TRG_COM_IRQHandler
                0x08002a74                TIM8_CC_IRQHandler
                0x08002a74                TIM1_CC_IRQHandler
                0x08002a74                TIM6_IRQHandler
                0x08002a74                PVD_IRQHandler
                0x08002a74                SDIO_IRQHandler
                0x08002a74                EXTI3_IRQHandler
                0x08002a74                EXTI0_IRQHandler
                0x08002a74                I2C2_EV_IRQHandler
                0x08002a74                ADC1_2_IRQHandler
                0x08002a74                SPI1_IRQHandler
                0x08002a74                TAMPER_IRQHandler
                0x08002a74                TIM8_UP_IRQHandler
                0x08002a74                DMA2_Channel2_IRQHandler
                0x08002a74                DMA1_Channel4_IRQHandler
                0x08002a74                USART3_IRQHandler
                0x08002a74                RTC_IRQHandler
                0x08002a74                DMA1_Channel7_IRQHandler
                0x08002a74                CAN1_RX1_IRQHandler
                0x08002a74                UART5_IRQHandler
                0x08002a74                ADC3_IRQHandler
                0x08002a74                TIM4_IRQHandler
                0x08002a74                DMA2_Channel1_IRQHandler
                0x08002a74                I2C1_EV_IRQHandler
                0x08002a74                DMA1_Channel6_IRQHandler
                0x08002a74                UART4_IRQHandler
                0x08002a74                TIM3_IRQHandler
                0x08002a74                RCC_IRQHandler
                0x08002a74                TIM1_TRG_COM_IRQHandler
                0x08002a74                DMA1_Channel1_IRQHandler
                0x08002a74                Default_Handler
                0x08002a74                EXTI15_10_IRQHandler
                0x08002a74                TIM7_IRQHandler
                0x08002a74                TIM5_IRQHandler
                0x08002a74                EXTI9_5_IRQHandler
                0x08002a74                SPI2_IRQHandler
                0x08002a74                DMA1_Channel5_IRQHandler
                0x08002a74                EXTI4_IRQHandler
                0x08002a74                USB_LP_CAN1_RX0_IRQHandler
                0x08002a74                USB_HP_CAN1_TX_IRQHandler
                0x08002a74                DMA1_Channel3_IRQHandler
                0x08002a74                FSMC_IRQHandler
                0x08002a74                TIM1_UP_IRQHandler
                0x08002a74                WWDG_IRQHandler
                0x08002a74                TIM2_IRQHandler
                0x08002a74                TIM1_BRK_IRQHandler
                0x08002a74                EXTI1_IRQHandler
                0x08002a74                DMA2_Channel4_5_IRQHandler
                0x08002a74                USART2_IRQHandler
                0x08002a74                I2C2_ER_IRQHandler
                0x08002a74                DMA1_Channel2_IRQHandler
                0x08002a74                TIM8_BRK_IRQHandler
                0x08002a74                CAN1_SCE_IRQHandler
                0x08002a74                FLASH_IRQHandler
                0x08002a74                USART1_IRQHandler
                0x08002a74                SPI3_IRQHandler
                0x08002a74                I2C1_ER_IRQHandler
                0x08002a74                USBWakeUp_IRQHandler
                0x08002a74                DMA2_Channel3_IRQHandler
 *fill*         0x08002a76        0x2 
 .text.__errno  0x08002a78        0xc d:/stm32/gcc-arm-none-eabi-9-2019-q4-major-win32/bin/../lib/gcc/arm-none-eabi/9.2.1/../../../../arm-none-eabi/lib/thumb/v7-m/nofp\libg.a(lib_a-errno.o)
                0x08002a78                __errno
 .text.__libc_init_array
                0x08002a84       0x48 d:/stm32/gcc-arm-none-eabi-9-2019-q4-major-win32/bin/../lib/gcc/arm-none-eabi/9.2.1/../../../../arm-none-eabi/lib/thumb/v7-m/nofp\libg.a(lib_a-init.o)
                0x08002a84                __libc_init_array
 .text.memset   0x08002acc       0xa0 d:/stm32/gcc-arm-none-eabi-9-2019-q4-major-win32/bin/../lib/gcc/arm-none-eabi/9.2.1/../../../../arm-none-eabi/lib/thumb/v7-m/nofp\libg.a(lib_a-memset.o)
                0x08002acc                memset
 .text.printf   0x08002b6c       0x28 d:/stm32/gcc-arm-none-eabi-9-2019-q4-major-win32/bin/../lib/gcc/arm-none-eabi/9.2.1/../../../../arm-none-eabi/lib/thumb/v7-m/nofp\libg.a(lib_a-printf.o)
                0x08002b6c                printf
 .text._vfprintf_r
                0x08002b94     0x1c18 d:/stm32/gcc-arm-none-eabi-9-2019-q4-major-win32/bin/../lib/gcc/arm-none-eabi/9.2.1/../../../../arm-none-eabi/lib/thumb/v7-m/nofp\libg.a(lib_a-vfprintf.o)
                0x08002b94                _vfprintf_r
 .text.__sbprintf
                0x080047ac       0x88 d:/stm32/gcc-arm-none-eabi-9-2019-q4-major-win32/bin/../lib/gcc/arm-none-eabi/9.2.1/../../../../arm-none-eabi/lib/thumb/v7-m/nofp\libg.a(lib_a-vfprintf.o)
 .text.__swsetup_r
                0x08004834       0xd0 d:/stm32/gcc-arm-none-eabi-9-2019-q4-major-win32/bin/../lib/gcc/arm-none-eabi/9.2.1/../../../../arm-none-eabi/lib/thumb/v7-m/nofp\libg.a(lib_a-wsetup.o)
                0x08004834                __swsetup_r
 .text.startup.register_fini
                0x08004904       0x14 d:/stm32/gcc-arm-none-eabi-9-2019-q4-major-win32/bin/../lib/gcc/arm-none-eabi/9.2.1/../../../../arm-none-eabi/lib/thumb/v7-m/nofp\libg.a(lib_a-__call_atexit.o)
 .text.atexit   0x08004918        0xc d:/stm32/gcc-arm-none-eabi-9-2019-q4-major-win32/bin/../lib/gcc/arm-none-eabi/9.2.1/../../../../arm-none-eabi/lib/thumb/v7-m/nofp\libg.a(lib_a-atexit.o)
                0x08004918                atexit
 .text.quorem   0x08004924      0x120 d:/stm32/gcc-arm-none-eabi-9-2019-q4-major-win32/bin/../lib/gcc/arm-none-eabi/9.2.1/../../../../arm-none-eabi/lib/thumb/v7-m/nofp\libg.a(lib_a-dtoa.o)
 *fill*         0x08004a44        0x4 
 .text._dtoa_r  0x08004a48      0xe8c d:/stm32/gcc-arm-none-eabi-9-2019-q4-major-win32/bin/../lib/gcc/arm-none-eabi/9.2.1/../../../../arm-none-eabi/lib/thumb/v7-m/nofp\libg.a(lib_a-dtoa.o)
                0x08004a48                _dtoa_r
 .text.__sflush_r
                0x080058d4      0x130 d:/stm32/gcc-arm-none-eabi-9-2019-q4-major-win32/bin/../lib/gcc/arm-none-eabi/9.2.1/../../../../arm-none-eabi/lib/thumb/v7-m/nofp\libg.a(lib_a-fflush.o)
                0x080058d4                __sflush_r
 .text._fflush_r
                0x08005a04       0x5c d:/stm32/gcc-arm-none-eabi-9-2019-q4-major-win32/bin/../lib/gcc/arm-none-eabi/9.2.1/../../../../arm-none-eabi/lib/thumb/v7-m/nofp\libg.a(lib_a-fflush.o)
                0x08005a04                _fflush_r
 .text.std      0x08005a60       0x50 d:/stm32/gcc-arm-none-eabi-9-2019-q4-major-win32/bin/../lib/gcc/arm-none-eabi/9.2.1/../../../../arm-none-eabi/lib/thumb/v7-m/nofp\libg.a(lib_a-findfp.o)
 .text._cleanup_r
                0x08005ab0        0xc d:/stm32/gcc-arm-none-eabi-9-2019-q4-major-win32/bin/../lib/gcc/arm-none-eabi/9.2.1/../../../../arm-none-eabi/lib/thumb/v7-m/nofp\libg.a(lib_a-findfp.o)
                0x08005ab0                _cleanup_r
 .text.__sinit  0x08005abc       0x5c d:/stm32/gcc-arm-none-eabi-9-2019-q4-major-win32/bin/../lib/gcc/arm-none-eabi/9.2.1/../../../../arm-none-eabi/lib/thumb/v7-m/nofp\libg.a(lib_a-findfp.o)
                0x08005abc                __sinit
 .text.__sfp_lock_acquire
                0x08005b18        0xc d:/stm32/gcc-arm-none-eabi-9-2019-q4-major-win32/bin/../lib/gcc/arm-none-eabi/9.2.1/../../../../arm-none-eabi/lib/thumb/v7-m/nofp\libg.a(lib_a-findfp.o)
                0x08005b18                __sfp_lock_acquire
 .text.__sfp_lock_release
                0x08005b24        0xc d:/stm32/gcc-arm-none-eabi-9-2019-q4-major-win32/bin/../lib/gcc/arm-none-eabi/9.2.1/../../../../arm-none-eabi/lib/thumb/v7-m/nofp\libg.a(lib_a-findfp.o)
                0x08005b24                __sfp_lock_release
 .text.__libc_fini_array
                0x08005b30       0x2c d:/stm32/gcc-arm-none-eabi-9-2019-q4-major-win32/bin/../lib/gcc/arm-none-eabi/9.2.1/../../../../arm-none-eabi/lib/thumb/v7-m/nofp\libg.a(lib_a-fini.o)
                0x08005b30                __libc_fini_array
 .text._malloc_trim_r
                0x08005b5c       0xa0 d:/stm32/gcc-arm-none-eabi-9-2019-q4-major-win32/bin/../lib/gcc/arm-none-eabi/9.2.1/../../../../arm-none-eabi/lib/thumb/v7-m/nofp\libg.a(lib_a-freer.o)
                0x08005b5c                _malloc_trim_r
 .text._free_r  0x08005bfc      0x20c d:/stm32/gcc-arm-none-eabi-9-2019-q4-major-win32/bin/../lib/gcc/arm-none-eabi/9.2.1/../../../../arm-none-eabi/lib/thumb/v7-m/nofp\libg.a(lib_a-freer.o)
                0x08005bfc                _free_r
 .text._fwalk_reent
                0x08005e08       0x48 d:/stm32/gcc-arm-none-eabi-9-2019-q4-major-win32/bin/../lib/gcc/arm-none-eabi/9.2.1/../../../../arm-none-eabi/lib/thumb/v7-m/nofp\libg.a(lib_a-fwalk.o)
                0x08005e08                _fwalk_reent
 .text._localeconv_r
                0x08005e50        0x8 d:/stm32/gcc-arm-none-eabi-9-2019-q4-major-win32/bin/../lib/gcc/arm-none-eabi/9.2.1/../../../../arm-none-eabi/lib/thumb/v7-m/nofp\libg.a(lib_a-localeconv.o)
                0x08005e50                _localeconv_r
 .text.__retarget_lock_init_recursive
                0x08005e58        0x4 d:/stm32/gcc-arm-none-eabi-9-2019-q4-major-win32/bin/../lib/gcc/arm-none-eabi/9.2.1/../../../../arm-none-eabi/lib/thumb/v7-m/nofp\libg.a(lib_a-lock.o)
                0x08005e58                __retarget_lock_init_recursive
 .text.__retarget_lock_close_recursive
                0x08005e5c        0x4 d:/stm32/gcc-arm-none-eabi-9-2019-q4-major-win32/bin/../lib/gcc/arm-none-eabi/9.2.1/../../../../arm-none-eabi/lib/thumb/v7-m/nofp\libg.a(lib_a-lock.o)
                0x08005e5c                __retarget_lock_close_recursive
 .text.__retarget_lock_acquire_recursive
                0x08005e60        0x4 d:/stm32/gcc-arm-none-eabi-9-2019-q4-major-win32/bin/../lib/gcc/arm-none-eabi/9.2.1/../../../../arm-none-eabi/lib/thumb/v7-m/nofp\libg.a(lib_a-lock.o)
                0x08005e60                __retarget_lock_acquire_recursive
 .text.__retarget_lock_release_recursive
                0x08005e64        0x4 d:/stm32/gcc-arm-none-eabi-9-2019-q4-major-win32/bin/../lib/gcc/arm-none-eabi/9.2.1/../../../../arm-none-eabi/lib/thumb/v7-m/nofp\libg.a(lib_a-lock.o)
                0x08005e64                __retarget_lock_release_recursive
 .text.__swhatbuf_r
                0x08005e68       0x5c d:/stm32/gcc-arm-none-eabi-9-2019-q4-major-win32/bin/../lib/gcc/arm-none-eabi/9.2.1/../../../../arm-none-eabi/lib/thumb/v7-m/nofp\libg.a(lib_a-makebuf.o)
                0x08005e68                __swhatbuf_r
 .text.__smakebuf_r
                0x08005ec4       0x94 d:/stm32/gcc-arm-none-eabi-9-2019-q4-major-win32/bin/../lib/gcc/arm-none-eabi/9.2.1/../../../../arm-none-eabi/lib/thumb/v7-m/nofp\libg.a(lib_a-makebuf.o)
                0x08005ec4                __smakebuf_r
 .text._malloc_r
                0x08005f58      0x55c d:/stm32/gcc-arm-none-eabi-9-2019-q4-major-win32/bin/../lib/gcc/arm-none-eabi/9.2.1/../../../../arm-none-eabi/lib/thumb/v7-m/nofp\libg.a(lib_a-mallocr.o)
                0x08005f58                _malloc_r
 .text.memchr   0x080064b4       0x80 d:/stm32/gcc-arm-none-eabi-9-2019-q4-major-win32/bin/../lib/gcc/arm-none-eabi/9.2.1/../../../../arm-none-eabi/lib/thumb/v7-m/nofp\libg.a(lib_a-memchr-stub.o)
                0x080064b4                memchr
 .text.__malloc_lock
                0x08006534        0xc d:/stm32/gcc-arm-none-eabi-9-2019-q4-major-win32/bin/../lib/gcc/arm-none-eabi/9.2.1/../../../../arm-none-eabi/lib/thumb/v7-m/nofp\libg.a(lib_a-mlock.o)
                0x08006534                __malloc_lock
 .text.__malloc_unlock
                0x08006540        0xc d:/stm32/gcc-arm-none-eabi-9-2019-q4-major-win32/bin/../lib/gcc/arm-none-eabi/9.2.1/../../../../arm-none-eabi/lib/thumb/v7-m/nofp\libg.a(lib_a-mlock.o)
                0x08006540                __malloc_unlock
 .text._Balloc  0x0800654c       0x4c d:/stm32/gcc-arm-none-eabi-9-2019-q4-major-win32/bin/../lib/gcc/arm-none-eabi/9.2.1/../../../../arm-none-eabi/lib/thumb/v7-m/nofp\libg.a(lib_a-mprec.o)
                0x0800654c                _Balloc
 .text._Bfree   0x08006598       0x14 d:/stm32/gcc-arm-none-eabi-9-2019-q4-major-win32/bin/../lib/gcc/arm-none-eabi/9.2.1/../../../../arm-none-eabi/lib/thumb/v7-m/nofp\libg.a(lib_a-mprec.o)
                0x08006598                _Bfree
 .text.__multadd
                0x080065ac       0x7c d:/stm32/gcc-arm-none-eabi-9-2019-q4-major-win32/bin/../lib/gcc/arm-none-eabi/9.2.1/../../../../arm-none-eabi/lib/thumb/v7-m/nofp\libg.a(lib_a-mprec.o)
                0x080065ac                __multadd
 .text.__hi0bits
                0x08006628       0x40 d:/stm32/gcc-arm-none-eabi-9-2019-q4-major-win32/bin/../lib/gcc/arm-none-eabi/9.2.1/../../../../arm-none-eabi/lib/thumb/v7-m/nofp\libg.a(lib_a-mprec.o)
                0x08006628                __hi0bits
 .text.__lo0bits
                0x08006668       0x60 d:/stm32/gcc-arm-none-eabi-9-2019-q4-major-win32/bin/../lib/gcc/arm-none-eabi/9.2.1/../../../../arm-none-eabi/lib/thumb/v7-m/nofp\libg.a(lib_a-mprec.o)
                0x08006668                __lo0bits
 .text.__i2b    0x080066c8       0x14 d:/stm32/gcc-arm-none-eabi-9-2019-q4-major-win32/bin/../lib/gcc/arm-none-eabi/9.2.1/../../../../arm-none-eabi/lib/thumb/v7-m/nofp\libg.a(lib_a-mprec.o)
                0x080066c8                __i2b
 .text.__multiply
                0x080066dc      0x144 d:/stm32/gcc-arm-none-eabi-9-2019-q4-major-win32/bin/../lib/gcc/arm-none-eabi/9.2.1/../../../../arm-none-eabi/lib/thumb/v7-m/nofp\libg.a(lib_a-mprec.o)
                0x080066dc                __multiply
 .text.__pow5mult
                0x08006820       0xa0 d:/stm32/gcc-arm-none-eabi-9-2019-q4-major-win32/bin/../lib/gcc/arm-none-eabi/9.2.1/../../../../arm-none-eabi/lib/thumb/v7-m/nofp\libg.a(lib_a-mprec.o)
                0x08006820                __pow5mult
 .text.__lshift
                0x080068c0       0xd0 d:/stm32/gcc-arm-none-eabi-9-2019-q4-major-win32/bin/../lib/gcc/arm-none-eabi/9.2.1/../../../../arm-none-eabi/lib/thumb/v7-m/nofp\libg.a(lib_a-mprec.o)
                0x080068c0                __lshift
 .text.__mcmp   0x08006990       0x3c d:/stm32/gcc-arm-none-eabi-9-2019-q4-major-win32/bin/../lib/gcc/arm-none-eabi/9.2.1/../../../../arm-none-eabi/lib/thumb/v7-m/nofp\libg.a(lib_a-mprec.o)
                0x08006990                __mcmp
 .text.__mdiff  0x080069cc      0x138 d:/stm32/gcc-arm-none-eabi-9-2019-q4-major-win32/bin/../lib/gcc/arm-none-eabi/9.2.1/../../../../arm-none-eabi/lib/thumb/v7-m/nofp\libg.a(lib_a-mprec.o)
                0x080069cc                __mdiff
 .text.__d2b    0x08006b04       0xa8 d:/stm32/gcc-arm-none-eabi-9-2019-q4-major-win32/bin/../lib/gcc/arm-none-eabi/9.2.1/../../../../arm-none-eabi/lib/thumb/v7-m/nofp\libg.a(lib_a-mprec.o)
                0x08006b04                __d2b
 .text.frexp    0x08006bac       0x70 d:/stm32/gcc-arm-none-eabi-9-2019-q4-major-win32/bin/../lib/gcc/arm-none-eabi/9.2.1/../../../../arm-none-eabi/lib/thumb/v7-m/nofp\libg.a(lib_a-s_frexp.o)
                0x08006bac                frexp
 .text._sbrk_r  0x08006c1c       0x24 d:/stm32/gcc-arm-none-eabi-9-2019-q4-major-win32/bin/../lib/gcc/arm-none-eabi/9.2.1/../../../../arm-none-eabi/lib/thumb/v7-m/nofp\libg.a(lib_a-sbrkr.o)
                0x08006c1c                _sbrk_r
 .text.__sread  0x08006c40       0x24 d:/stm32/gcc-arm-none-eabi-9-2019-q4-major-win32/bin/../lib/gcc/arm-none-eabi/9.2.1/../../../../arm-none-eabi/lib/thumb/v7-m/nofp\libg.a(lib_a-stdio.o)
                0x08006c40                __sread
 .text.__swrite
                0x08006c64       0x40 d:/stm32/gcc-arm-none-eabi-9-2019-q4-major-win32/bin/../lib/gcc/arm-none-eabi/9.2.1/../../../../arm-none-eabi/lib/thumb/v7-m/nofp\libg.a(lib_a-stdio.o)
                0x08006c64                __swrite
 .text.__sseek  0x08006ca4       0x20 d:/stm32/gcc-arm-none-eabi-9-2019-q4-major-win32/bin/../lib/gcc/arm-none-eabi/9.2.1/../../../../arm-none-eabi/lib/thumb/v7-m/nofp\libg.a(lib_a-stdio.o)
                0x08006ca4                __sseek
 .text.__sclose
                0x08006cc4        0x8 d:/stm32/gcc-arm-none-eabi-9-2019-q4-major-win32/bin/../lib/gcc/arm-none-eabi/9.2.1/../../../../arm-none-eabi/lib/thumb/v7-m/nofp\libg.a(lib_a-stdio.o)
                0x08006cc4                __sclose
 .text.strlen   0x08006ccc       0x5c d:/stm32/gcc-arm-none-eabi-9-2019-q4-major-win32/bin/../lib/gcc/arm-none-eabi/9.2.1/../../../../arm-none-eabi/lib/thumb/v7-m/nofp\libg.a(lib_a-strlen-stub.o)
                0x08006ccc                strlen
 .text.strncpy  0x08006d28       0x68 d:/stm32/gcc-arm-none-eabi-9-2019-q4-major-win32/bin/../lib/gcc/arm-none-eabi/9.2.1/../../../../arm-none-eabi/lib/thumb/v7-m/nofp\libg.a(lib_a-strncpy.o)
                0x08006d28                strncpy
 .text.__sprint_r.part.0
                0x08006d90       0x78 d:/stm32/gcc-arm-none-eabi-9-2019-q4-major-win32/bin/../lib/gcc/arm-none-eabi/9.2.1/../../../../arm-none-eabi/lib/thumb/v7-m/nofp\libg.a(lib_a-vfiprintf.o)
 .text.__sprint_r
                0x08006e08       0x14 d:/stm32/gcc-arm-none-eabi-9-2019-q4-major-win32/bin/../lib/gcc/arm-none-eabi/9.2.1/../../../../arm-none-eabi/lib/thumb/v7-m/nofp\libg.a(lib_a-vfiprintf.o)
                0x08006e08                __sprint_r
 .text._write_r
                0x08006e1c       0x2c d:/stm32/gcc-arm-none-eabi-9-2019-q4-major-win32/bin/../lib/gcc/arm-none-eabi/9.2.1/../../../../arm-none-eabi/lib/thumb/v7-m/nofp\libg.a(lib_a-writer.o)
                0x08006e1c                _write_r
 .text.__register_exitproc
                0x08006e48       0x8c d:/stm32/gcc-arm-none-eabi-9-2019-q4-major-win32/bin/../lib/gcc/arm-none-eabi/9.2.1/../../../../arm-none-eabi/lib/thumb/v7-m/nofp\libg.a(lib_a-__atexit.o)
                0x08006e48                __register_exitproc
 .text._calloc_r
                0x08006ed4       0x60 d:/stm32/gcc-arm-none-eabi-9-2019-q4-major-win32/bin/../lib/gcc/arm-none-eabi/9.2.1/../../../../arm-none-eabi/lib/thumb/v7-m/nofp\libg.a(lib_a-callocr.o)
                0x08006ed4                _calloc_r
 .text._close_r
                0x08006f34       0x24 d:/stm32/gcc-arm-none-eabi-9-2019-q4-major-win32/bin/../lib/gcc/arm-none-eabi/9.2.1/../../../../arm-none-eabi/lib/thumb/v7-m/nofp\libg.a(lib_a-closer.o)
                0x08006f34                _close_r
 .text._fclose_r
                0x08006f58       0xcc d:/stm32/gcc-arm-none-eabi-9-2019-q4-major-win32/bin/../lib/gcc/arm-none-eabi/9.2.1/../../../../arm-none-eabi/lib/thumb/v7-m/nofp\libg.a(lib_a-fclose.o)
                0x08006f58                _fclose_r
 .text.__fputwc
                0x08007024       0xa0 d:/stm32/gcc-arm-none-eabi-9-2019-q4-major-win32/bin/../lib/gcc/arm-none-eabi/9.2.1/../../../../arm-none-eabi/lib/thumb/v7-m/nofp\libg.a(lib_a-fputwc.o)
                0x08007024                __fputwc
 .text._fputwc_r
                0x080070c4       0x68 d:/stm32/gcc-arm-none-eabi-9-2019-q4-major-win32/bin/../lib/gcc/arm-none-eabi/9.2.1/../../../../arm-none-eabi/lib/thumb/v7-m/nofp\libg.a(lib_a-fputwc.o)
                0x080070c4                _fputwc_r
 .text._fstat_r
                0x0800712c       0x2c d:/stm32/gcc-arm-none-eabi-9-2019-q4-major-win32/bin/../lib/gcc/arm-none-eabi/9.2.1/../../../../arm-none-eabi/lib/thumb/v7-m/nofp\libg.a(lib_a-fstatr.o)
                0x0800712c                _fstat_r
 .text.__sfvwrite_r
                0x08007158      0x2ec d:/stm32/gcc-arm-none-eabi-9-2019-q4-major-win32/bin/../lib/gcc/arm-none-eabi/9.2.1/../../../../arm-none-eabi/lib/thumb/v7-m/nofp\libg.a(lib_a-fvwrite.o)
                0x08007158                __sfvwrite_r
 .text._isatty_r
                0x08007444       0x24 d:/stm32/gcc-arm-none-eabi-9-2019-q4-major-win32/bin/../lib/gcc/arm-none-eabi/9.2.1/../../../../arm-none-eabi/lib/thumb/v7-m/nofp\libg.a(lib_a-isattyr.o)
                0x08007444                _isatty_r
 .text.__locale_mb_cur_max
                0x08007468        0xc d:/stm32/gcc-arm-none-eabi-9-2019-q4-major-win32/bin/../lib/gcc/arm-none-eabi/9.2.1/../../../../arm-none-eabi/lib/thumb/v7-m/nofp\libg.a(lib_a-locale.o)
                0x08007468                __locale_mb_cur_max
 .text._lseek_r
                0x08007474       0x2c d:/stm32/gcc-arm-none-eabi-9-2019-q4-major-win32/bin/../lib/gcc/arm-none-eabi/9.2.1/../../../../arm-none-eabi/lib/thumb/v7-m/nofp\libg.a(lib_a-lseekr.o)
                0x08007474                _lseek_r
 .text.__ascii_mbtowc
                0x080074a0       0x2c d:/stm32/gcc-arm-none-eabi-9-2019-q4-major-win32/bin/../lib/gcc/arm-none-eabi/9.2.1/../../../../arm-none-eabi/lib/thumb/v7-m/nofp\libg.a(lib_a-mbtowc_r.o)
                0x080074a0                __ascii_mbtowc
 .text.memmove  0x080074cc       0xd4 d:/stm32/gcc-arm-none-eabi-9-2019-q4-major-win32/bin/../lib/gcc/arm-none-eabi/9.2.1/../../../../arm-none-eabi/lib/thumb/v7-m/nofp\libg.a(lib_a-memmove.o)
                0x080074cc                memmove
 .text._read_r  0x080075a0       0x2c d:/stm32/gcc-arm-none-eabi-9-2019-q4-major-win32/bin/../lib/gcc/arm-none-eabi/9.2.1/../../../../arm-none-eabi/lib/thumb/v7-m/nofp\libg.a(lib_a-readr.o)
                0x080075a0                _read_r
 .text._realloc_r
                0x080075cc      0x3e0 d:/stm32/gcc-arm-none-eabi-9-2019-q4-major-win32/bin/../lib/gcc/arm-none-eabi/9.2.1/../../../../arm-none-eabi/lib/thumb/v7-m/nofp\libg.a(lib_a-reallocr.o)
                0x080075cc                _realloc_r
 .text.__swbuf_r
                0x080079ac       0xb0 d:/stm32/gcc-arm-none-eabi-9-2019-q4-major-win32/bin/../lib/gcc/arm-none-eabi/9.2.1/../../../../arm-none-eabi/lib/thumb/v7-m/nofp\libg.a(lib_a-wbuf.o)
                0x080079ac                __swbuf_r
 .text._wcrtomb_r
                0x08007a5c       0x3c d:/stm32/gcc-arm-none-eabi-9-2019-q4-major-win32/bin/../lib/gcc/arm-none-eabi/9.2.1/../../../../arm-none-eabi/lib/thumb/v7-m/nofp\libg.a(lib_a-wcrtomb.o)
                0x08007a5c                _wcrtomb_r
 .text.__ascii_wctomb
                0x08007a98       0x1c d:/stm32/gcc-arm-none-eabi-9-2019-q4-major-win32/bin/../lib/gcc/arm-none-eabi/9.2.1/../../../../arm-none-eabi/lib/thumb/v7-m/nofp\libg.a(lib_a-wctomb_r.o)
                0x08007a98                __ascii_wctomb
 *(.glue_7)
 .glue_7        0x08007ab4        0x0 linker stubs
 *(.glue_7t)
 .glue_7t       0x08007ab4        0x0 linker stubs
 *(.eh_frame)
 .eh_frame      0x08007ab4        0x0 d:/stm32/gcc-arm-none-eabi-9-2019-q4-major-win32/bin/../lib/gcc/arm-none-eabi/9.2.1/thumb/v7-m/nofp/crtbegin.o
 *(.init)
 .init          0x08007ab4        0x4 d:/stm32/gcc-arm-none-eabi-9-2019-q4-major-win32/bin/../lib/gcc/arm-none-eabi/9.2.1/thumb/v7-m/nofp/crti.o
                0x08007ab4                _init
 .init          0x08007ab8        0x8 d:/stm32/gcc-arm-none-eabi-9-2019-q4-major-win32/bin/../lib/gcc/arm-none-eabi/9.2.1/thumb/v7-m/nofp/crtn.o
 *(.fini)
 .fini          0x08007ac0        0x4 d:/stm32/gcc-arm-none-eabi-9-2019-q4-major-win32/bin/../lib/gcc/arm-none-eabi/9.2.1/thumb/v7-m/nofp/crti.o
                0x08007ac0                _fini
 .fini          0x08007ac4        0x8 d:/stm32/gcc-arm-none-eabi-9-2019-q4-major-win32/bin/../lib/gcc/arm-none-eabi/9.2.1/thumb/v7-m/nofp/crtn.o
                0x08007acc                . = ALIGN (0x4)
                0x08007acc                _etext = .

.vfp11_veneer   0x08007acc        0x0
 .vfp11_veneer  0x08007acc        0x0 linker stubs

.v4_bx          0x08007acc        0x0
 .v4_bx         0x08007acc        0x0 linker stubs

.iplt           0x08007acc        0x0
 .iplt          0x08007acc        0x0 d:/stm32/gcc-arm-none-eabi-9-2019-q4-major-win32/bin/../lib/gcc/arm-none-eabi/9.2.1/thumb/v7-m/nofp/crtbegin.o

.rodata         0x08007ad0      0x2f0
                0x08007ad0                . = ALIGN (0x4)
 *(.rodata)
 *(.rodata*)
 .rodata.aPLLMULFactorTable.6159
                0x08007ad0       0x10 CMakeFiles/BH1750.elf.dir/Drivers/STM32F1xx_HAL_Driver/Src/stm32f1xx_hal_rcc.c.obj
 .rodata.aPredivFactorTable.6160
                0x08007ae0        0x2 CMakeFiles/BH1750.elf.dir/Drivers/STM32F1xx_HAL_Driver/Src/stm32f1xx_hal_rcc.c.obj
 *fill*         0x08007ae2        0x2 
 .rodata.aPLLMULFactorTable.6094
                0x08007ae4       0x10 CMakeFiles/BH1750.elf.dir/Drivers/STM32F1xx_HAL_Driver/Src/stm32f1xx_hal_rcc_ex.c.obj
 .rodata.aPredivFactorTable.6095
                0x08007af4        0x2 CMakeFiles/BH1750.elf.dir/Drivers/STM32F1xx_HAL_Driver/Src/stm32f1xx_hal_rcc_ex.c.obj
 *fill*         0x08007af6        0x2 
 .rodata.main.str1.4
                0x08007af8       0x26 CMakeFiles/BH1750.elf.dir/Src/main.c.obj
 *fill*         0x08007b1e        0x2 
 .rodata.AHBPrescTable
                0x08007b20       0x10 CMakeFiles/BH1750.elf.dir/Src/system_stm32f1xx.c.obj
                0x08007b20                AHBPrescTable
 .rodata.APBPrescTable
                0x08007b30        0x8 CMakeFiles/BH1750.elf.dir/Src/system_stm32f1xx.c.obj
                0x08007b30                APBPrescTable
 .rodata._global_impure_ptr
                0x08007b38        0x4 d:/stm32/gcc-arm-none-eabi-9-2019-q4-major-win32/bin/../lib/gcc/arm-none-eabi/9.2.1/../../../../arm-none-eabi/lib/thumb/v7-m/nofp\libg.a(lib_a-impure.o)
                0x08007b38                _global_impure_ptr
 .rodata._vfprintf_r.str1.4
                0x08007b3c       0x42 d:/stm32/gcc-arm-none-eabi-9-2019-q4-major-win32/bin/../lib/gcc/arm-none-eabi/9.2.1/../../../../arm-none-eabi/lib/thumb/v7-m/nofp\libg.a(lib_a-vfprintf.o)
 *fill*         0x08007b7e        0x2 
 .rodata.blanks.7360
                0x08007b80       0x10 d:/stm32/gcc-arm-none-eabi-9-2019-q4-major-win32/bin/../lib/gcc/arm-none-eabi/9.2.1/../../../../arm-none-eabi/lib/thumb/v7-m/nofp\libg.a(lib_a-vfprintf.o)
 .rodata.zeroes.7361
                0x08007b90       0x10 d:/stm32/gcc-arm-none-eabi-9-2019-q4-major-win32/bin/../lib/gcc/arm-none-eabi/9.2.1/../../../../arm-none-eabi/lib/thumb/v7-m/nofp\libg.a(lib_a-vfprintf.o)
 .rodata._dtoa_r.str1.4
                0x08007ba0        0xd d:/stm32/gcc-arm-none-eabi-9-2019-q4-major-win32/bin/../lib/gcc/arm-none-eabi/9.2.1/../../../../arm-none-eabi/lib/thumb/v7-m/nofp\libg.a(lib_a-dtoa.o)
                                 0x12 (size before relaxing)
 *fill*         0x08007bad        0x3 
 .rodata.__mprec_bigtens
                0x08007bb0       0x28 d:/stm32/gcc-arm-none-eabi-9-2019-q4-major-win32/bin/../lib/gcc/arm-none-eabi/9.2.1/../../../../arm-none-eabi/lib/thumb/v7-m/nofp\libg.a(lib_a-mprec.o)
                0x08007bb0                __mprec_bigtens
 .rodata.__mprec_tens
                0x08007bd8       0xc8 d:/stm32/gcc-arm-none-eabi-9-2019-q4-major-win32/bin/../lib/gcc/arm-none-eabi/9.2.1/../../../../arm-none-eabi/lib/thumb/v7-m/nofp\libg.a(lib_a-mprec.o)
                0x08007bd8                __mprec_tens
 .rodata.p05.6115
                0x08007ca0        0xc d:/stm32/gcc-arm-none-eabi-9-2019-q4-major-win32/bin/../lib/gcc/arm-none-eabi/9.2.1/../../../../arm-none-eabi/lib/thumb/v7-m/nofp\libg.a(lib_a-mprec.o)
 .rodata._setlocale_r.str1.4
                0x08007cac        0xa d:/stm32/gcc-arm-none-eabi-9-2019-q4-major-win32/bin/../lib/gcc/arm-none-eabi/9.2.1/../../../../arm-none-eabi/lib/thumb/v7-m/nofp\libg.a(lib_a-locale.o)
                                  0xd (size before relaxing)
 *fill*         0x08007cb6        0x2 
 .rodata.str1.4
                0x08007cb8        0x2 d:/stm32/gcc-arm-none-eabi-9-2019-q4-major-win32/bin/../lib/gcc/arm-none-eabi/9.2.1/../../../../arm-none-eabi/lib/thumb/v7-m/nofp\libg.a(lib_a-locale.o)
 *fill*         0x08007cba        0x2 
 .rodata._ctype_
                0x08007cbc      0x101 d:/stm32/gcc-arm-none-eabi-9-2019-q4-major-win32/bin/../lib/gcc/arm-none-eabi/9.2.1/../../../../arm-none-eabi/lib/thumb/v7-m/nofp\libg.a(lib_a-ctype_.o)
                0x08007cbc                _ctype_
                0x08007dc0                . = ALIGN (0x4)
 *fill*         0x08007dbd        0x3 

.ARM.extab
 *(.ARM.extab* .gnu.linkonce.armextab.*)

.ARM            0x08007dc0        0x8
                0x08007dc0                __exidx_start = .
 *(.ARM.exidx*)
 .ARM.exidx     0x08007dc0        0x8 d:/stm32/gcc-arm-none-eabi-9-2019-q4-major-win32/bin/../lib/gcc/arm-none-eabi/9.2.1/thumb/v7-m/nofp\libgcc.a(_udivmoddi4.o)
                0x08007dc8                __exidx_end = .

.rel.dyn        0x08007dc8        0x0
 .rel.iplt      0x08007dc8        0x0 d:/stm32/gcc-arm-none-eabi-9-2019-q4-major-win32/bin/../lib/gcc/arm-none-eabi/9.2.1/thumb/v7-m/nofp/crtbegin.o

.preinit_array  0x08007dc8        0x0
                0x08007dc8                PROVIDE (__preinit_array_start = .)
 *(.preinit_array*)
                0x08007dc8                PROVIDE (__preinit_array_end = .)

.init_array     0x08007dc8        0x8
                0x08007dc8                PROVIDE (__init_array_start = .)
 *(SORT_BY_NAME(.init_array.*))
 .init_array.00000
                0x08007dc8        0x4 d:/stm32/gcc-arm-none-eabi-9-2019-q4-major-win32/bin/../lib/gcc/arm-none-eabi/9.2.1/../../../../arm-none-eabi/lib/thumb/v7-m/nofp\libg.a(lib_a-__call_atexit.o)
 *(.init_array*)
 .init_array    0x08007dcc        0x4 d:/stm32/gcc-arm-none-eabi-9-2019-q4-major-win32/bin/../lib/gcc/arm-none-eabi/9.2.1/thumb/v7-m/nofp/crtbegin.o
                0x08007dd0                PROVIDE (__init_array_end = .)

.fini_array     0x08007dd0        0x4
                0x08007dd0                PROVIDE (__fini_array_start = .)
 *(SORT_BY_NAME(.fini_array.*))
 *(.fini_array*)
 .fini_array    0x08007dd0        0x4 d:/stm32/gcc-arm-none-eabi-9-2019-q4-major-win32/bin/../lib/gcc/arm-none-eabi/9.2.1/thumb/v7-m/nofp/crtbegin.o
                0x08007dd4                PROVIDE (__fini_array_end = .)
                0x08007dd4                _sidata = LOADADDR (.data)

.data           0x20000000      0x9b8 load address 0x08007dd4
                0x20000000                . = ALIGN (0x4)
                0x20000000                _sdata = .
 *(.data)
 *(.data*)
 .data.uwTickFreq
                0x20000000        0x1 CMakeFiles/BH1750.elf.dir/Drivers/STM32F1xx_HAL_Driver/Src/stm32f1xx_hal.c.obj
                0x20000000                uwTickFreq
 *fill*         0x20000001        0x3 
 .data.uwTickPrio
                0x20000004        0x4 CMakeFiles/BH1750.elf.dir/Drivers/STM32F1xx_HAL_Driver/Src/stm32f1xx_hal.c.obj
                0x20000004                uwTickPrio
 .data.SystemCoreClock
                0x20000008        0x4 CMakeFiles/BH1750.elf.dir/Src/system_stm32f1xx.c.obj
                0x20000008                SystemCoreClock
 .data._impure_ptr
                0x2000000c        0x4 d:/stm32/gcc-arm-none-eabi-9-2019-q4-major-win32/bin/../lib/gcc/arm-none-eabi/9.2.1/../../../../arm-none-eabi/lib/thumb/v7-m/nofp\libg.a(lib_a-impure.o)
                0x2000000c                _impure_ptr
 .data.impure_data
                0x20000010      0x428 d:/stm32/gcc-arm-none-eabi-9-2019-q4-major-win32/bin/../lib/gcc/arm-none-eabi/9.2.1/../../../../arm-none-eabi/lib/thumb/v7-m/nofp\libg.a(lib_a-impure.o)
 .data.__atexit_recursive_mutex
                0x20000438        0x4 d:/stm32/gcc-arm-none-eabi-9-2019-q4-major-win32/bin/../lib/gcc/arm-none-eabi/9.2.1/../../../../arm-none-eabi/lib/thumb/v7-m/nofp\libg.a(lib_a-__call_atexit.o)
                0x20000438                __atexit_recursive_mutex
 .data.__malloc_av_
                0x2000043c      0x408 d:/stm32/gcc-arm-none-eabi-9-2019-q4-major-win32/bin/../lib/gcc/arm-none-eabi/9.2.1/../../../../arm-none-eabi/lib/thumb/v7-m/nofp\libg.a(lib_a-mallocr.o)
                0x2000043c                __malloc_av_
 .data.__malloc_sbrk_base
                0x20000844        0x4 d:/stm32/gcc-arm-none-eabi-9-2019-q4-major-win32/bin/../lib/gcc/arm-none-eabi/9.2.1/../../../../arm-none-eabi/lib/thumb/v7-m/nofp\libg.a(lib_a-mallocr.o)
                0x20000844                __malloc_sbrk_base
 .data.__malloc_trim_threshold
                0x20000848        0x4 d:/stm32/gcc-arm-none-eabi-9-2019-q4-major-win32/bin/../lib/gcc/arm-none-eabi/9.2.1/../../../../arm-none-eabi/lib/thumb/v7-m/nofp\libg.a(lib_a-mallocr.o)
                0x20000848                __malloc_trim_threshold
 .data.__global_locale
                0x2000084c      0x16c d:/stm32/gcc-arm-none-eabi-9-2019-q4-major-win32/bin/../lib/gcc/arm-none-eabi/9.2.1/../../../../arm-none-eabi/lib/thumb/v7-m/nofp\libg.a(lib_a-locale.o)
                0x2000084c                __global_locale
                0x200009b8                . = ALIGN (0x4)
                0x200009b8                _edata = .

.igot.plt       0x200009b8        0x0 load address 0x0800878c
 .igot.plt      0x200009b8        0x0 d:/stm32/gcc-arm-none-eabi-9-2019-q4-major-win32/bin/../lib/gcc/arm-none-eabi/9.2.1/thumb/v7-m/nofp/crtbegin.o
                0x200009b8                . = ALIGN (0x4)

.bss            0x200009b8      0x134 load address 0x0800878c
                0x200009b8                _sbss = .
                0x200009b8                __bss_start__ = _sbss
 *(.bss)
 .bss           0x200009b8       0x1c d:/stm32/gcc-arm-none-eabi-9-2019-q4-major-win32/bin/../lib/gcc/arm-none-eabi/9.2.1/thumb/v7-m/nofp/crtbegin.o
 *(.bss*)
 .bss.uwTick    0x200009d4        0x4 CMakeFiles/BH1750.elf.dir/Drivers/STM32F1xx_HAL_Driver/Src/stm32f1xx_hal.c.obj
                0x200009d4                uwTick
 .bss.BUF       0x200009d8        0x3 CMakeFiles/BH1750.elf.dir/Src/bh1750.c.obj
                0x200009d8                BUF
 .bss.mcy       0x200009db        0x1 CMakeFiles/BH1750.elf.dir/Src/bh1750.c.obj
                0x200009db                mcy
 .bss.hi2c1     0x200009dc       0x54 CMakeFiles/BH1750.elf.dir/Src/i2c.c.obj
                0x200009dc                hi2c1
 .bss.hrtc      0x20000a30       0x14 CMakeFiles/BH1750.elf.dir/Src/rtc.c.obj
                0x20000a30                hrtc
 .bss.heap_end.6023
                0x20000a44        0x4 CMakeFiles/BH1750.elf.dir/Src/syscalls.c.obj
 .bss.huart1    0x20000a48       0x48 CMakeFiles/BH1750.elf.dir/Src/usart.c.obj
                0x20000a48                huart1
 .bss.__malloc_current_mallinfo
                0x20000a90       0x28 d:/stm32/gcc-arm-none-eabi-9-2019-q4-major-win32/bin/../lib/gcc/arm-none-eabi/9.2.1/../../../../arm-none-eabi/lib/thumb/v7-m/nofp\libg.a(lib_a-mallocr.o)
                0x20000a90                __malloc_current_mallinfo
 .bss.__malloc_max_sbrked_mem
                0x20000ab8        0x4 d:/stm32/gcc-arm-none-eabi-9-2019-q4-major-win32/bin/../lib/gcc/arm-none-eabi/9.2.1/../../../../arm-none-eabi/lib/thumb/v7-m/nofp\libg.a(lib_a-mallocr.o)
                0x20000ab8                __malloc_max_sbrked_mem
 .bss.__malloc_max_total_mem
                0x20000abc        0x4 d:/stm32/gcc-arm-none-eabi-9-2019-q4-major-win32/bin/../lib/gcc/arm-none-eabi/9.2.1/../../../../arm-none-eabi/lib/thumb/v7-m/nofp\libg.a(lib_a-mallocr.o)
                0x20000abc                __malloc_max_total_mem
 .bss.__malloc_top_pad
                0x20000ac0        0x4 d:/stm32/gcc-arm-none-eabi-9-2019-q4-major-win32/bin/../lib/gcc/arm-none-eabi/9.2.1/../../../../arm-none-eabi/lib/thumb/v7-m/nofp\libg.a(lib_a-mallocr.o)
                0x20000ac0                __malloc_top_pad
 *(COMMON)
 COMMON         0x20000ac4       0x21 d:/stm32/gcc-arm-none-eabi-9-2019-q4-major-win32/bin/../lib/gcc/arm-none-eabi/9.2.1/../../../../arm-none-eabi/lib/thumb/v7-m/nofp\libg.a(lib_a-lock.o)
                0x20000ac4                __lock___atexit_recursive_mutex
                0x20000ac8                __lock___arc4random_mutex
                0x20000acc                __lock___env_recursive_mutex
                0x20000ad0                __lock___sinit_recursive_mutex
                0x20000ad4                __lock___malloc_recursive_mutex
                0x20000ad8                __lock___at_quick_exit_mutex
                0x20000adc                __lock___dd_hash_mutex
                0x20000ae0                __lock___tz_mutex
                0x20000ae4                __lock___sfp_recursive_mutex
 *fill*         0x20000ae5        0x3 
 COMMON         0x20000ae8        0x4 d:/stm32/gcc-arm-none-eabi-9-2019-q4-major-win32/bin/../lib/gcc/arm-none-eabi/9.2.1/../../../../arm-none-eabi/lib/thumb/v7-m/nofp\libg.a(lib_a-reent.o)
                0x20000ae8                errno
                0x20000aec                . = ALIGN (0x4)
                0x20000aec                _ebss = .
                0x20000aec                __bss_end__ = _ebss

._user_heap_stack
                0x20000aec      0x604 load address 0x0800878c
                0x20000af0                . = ALIGN (0x8)
 *fill*         0x20000aec        0x4 
                0x20000af0                PROVIDE (end = .)
                [!provide]                PROVIDE (_end = .)
                0x20000cf0                . = (. + _Min_Heap_Size)
 *fill*         0x20000af0      0x200 
                0x200010f0                . = (. + _Min_Stack_Size)
 *fill*         0x20000cf0      0x400 
                0x200010f0                . = ALIGN (0x8)

/DISCARD/
 libc.a(*)
 libm.a(*)
 libgcc.a(*)

.ARM.attributes
                0x00000000       0x29
 *(.ARM.attributes)
 .ARM.attributes
                0x00000000       0x1d d:/stm32/gcc-arm-none-eabi-9-2019-q4-major-win32/bin/../lib/gcc/arm-none-eabi/9.2.1/thumb/v7-m/nofp/crti.o
 .ARM.attributes
                0x0000001d       0x2d d:/stm32/gcc-arm-none-eabi-9-2019-q4-major-win32/bin/../lib/gcc/arm-none-eabi/9.2.1/thumb/v7-m/nofp/crtbegin.o
 .ARM.attributes
                0x0000004a       0x2d CMakeFiles/BH1750.elf.dir/Drivers/STM32F1xx_HAL_Driver/Src/stm32f1xx_hal.c.obj
 .ARM.attributes
                0x00000077       0x2d CMakeFiles/BH1750.elf.dir/Drivers/STM32F1xx_HAL_Driver/Src/stm32f1xx_hal_cortex.c.obj
 .ARM.attributes
                0x000000a4       0x2d CMakeFiles/BH1750.elf.dir/Drivers/STM32F1xx_HAL_Driver/Src/stm32f1xx_hal_gpio.c.obj
 .ARM.attributes
                0x000000d1       0x2d CMakeFiles/BH1750.elf.dir/Drivers/STM32F1xx_HAL_Driver/Src/stm32f1xx_hal_i2c.c.obj
 .ARM.attributes
                0x000000fe       0x2d CMakeFiles/BH1750.elf.dir/Drivers/STM32F1xx_HAL_Driver/Src/stm32f1xx_hal_pwr.c.obj
 .ARM.attributes
                0x0000012b       0x2d CMakeFiles/BH1750.elf.dir/Drivers/STM32F1xx_HAL_Driver/Src/stm32f1xx_hal_rcc.c.obj
 .ARM.attributes
                0x00000158       0x2d CMakeFiles/BH1750.elf.dir/Drivers/STM32F1xx_HAL_Driver/Src/stm32f1xx_hal_rcc_ex.c.obj
 .ARM.attributes
                0x00000185       0x2d CMakeFiles/BH1750.elf.dir/Drivers/STM32F1xx_HAL_Driver/Src/stm32f1xx_hal_rtc.c.obj
 .ARM.attributes
                0x000001b2       0x2d CMakeFiles/BH1750.elf.dir/Drivers/STM32F1xx_HAL_Driver/Src/stm32f1xx_hal_uart.c.obj
 .ARM.attributes
                0x000001df       0x2d CMakeFiles/BH1750.elf.dir/Src/bh1750.c.obj
 .ARM.attributes
                0x0000020c       0x2d CMakeFiles/BH1750.elf.dir/Src/gpio.c.obj
 .ARM.attributes
                0x00000239       0x2d CMakeFiles/BH1750.elf.dir/Src/i2c.c.obj
 .ARM.attributes
                0x00000266       0x2d CMakeFiles/BH1750.elf.dir/Src/main.c.obj
 .ARM.attributes
                0x00000293       0x2d CMakeFiles/BH1750.elf.dir/Src/rtc.c.obj
 .ARM.attributes
                0x000002c0       0x2d CMakeFiles/BH1750.elf.dir/Src/stm32f1xx_hal_msp.c.obj
 .ARM.attributes
                0x000002ed       0x2d CMakeFiles/BH1750.elf.dir/Src/stm32f1xx_it.c.obj
 .ARM.attributes
                0x0000031a       0x2d CMakeFiles/BH1750.elf.dir/Src/syscalls.c.obj
 .ARM.attributes
                0x00000347       0x2d CMakeFiles/BH1750.elf.dir/Src/system_stm32f1xx.c.obj
 .ARM.attributes
                0x00000374       0x2d CMakeFiles/BH1750.elf.dir/Src/usart.c.obj
 .ARM.attributes
                0x000003a1       0x21 CMakeFiles/BH1750.elf.dir/startup/startup_stm32f103xe.s.obj
 .ARM.attributes
                0x000003c2       0x1d d:/stm32/gcc-arm-none-eabi-9-2019-q4-major-win32/bin/../lib/gcc/arm-none-eabi/9.2.1/thumb/v7-m/nofp\libgcc.a(_arm_addsubdf3.o)
 .ARM.attributes
                0x000003df       0x1d d:/stm32/gcc-arm-none-eabi-9-2019-q4-major-win32/bin/../lib/gcc/arm-none-eabi/9.2.1/thumb/v7-m/nofp\libgcc.a(_arm_muldivdf3.o)
 .ARM.attributes
                0x000003fc       0x1d d:/stm32/gcc-arm-none-eabi-9-2019-q4-major-win32/bin/../lib/gcc/arm-none-eabi/9.2.1/thumb/v7-m/nofp\libgcc.a(_arm_fixunsdfsi.o)
 .ARM.attributes
                0x00000419       0x1d d:/stm32/gcc-arm-none-eabi-9-2019-q4-major-win32/bin/../lib/gcc/arm-none-eabi/9.2.1/thumb/v7-m/nofp\libgcc.a(_arm_addsubsf3.o)
 .ARM.attributes
                0x00000436       0x2d d:/stm32/gcc-arm-none-eabi-9-2019-q4-major-win32/bin/../lib/gcc/arm-none-eabi/9.2.1/../../../../arm-none-eabi/lib/thumb/v7-m/nofp\libg.a(lib_a-errno.o)
 .ARM.attributes
                0x00000463       0x2d d:/stm32/gcc-arm-none-eabi-9-2019-q4-major-win32/bin/../lib/gcc/arm-none-eabi/9.2.1/../../../../arm-none-eabi/lib/thumb/v7-m/nofp\libg.a(lib_a-impure.o)
 .ARM.attributes
                0x00000490       0x2d d:/stm32/gcc-arm-none-eabi-9-2019-q4-major-win32/bin/../lib/gcc/arm-none-eabi/9.2.1/../../../../arm-none-eabi/lib/thumb/v7-m/nofp\libg.a(lib_a-init.o)
 .ARM.attributes
                0x000004bd       0x2d d:/stm32/gcc-arm-none-eabi-9-2019-q4-major-win32/bin/../lib/gcc/arm-none-eabi/9.2.1/../../../../arm-none-eabi/lib/thumb/v7-m/nofp\libg.a(lib_a-memset.o)
 .ARM.attributes
                0x000004ea       0x2d d:/stm32/gcc-arm-none-eabi-9-2019-q4-major-win32/bin/../lib/gcc/arm-none-eabi/9.2.1/../../../../arm-none-eabi/lib/thumb/v7-m/nofp\libg.a(lib_a-printf.o)
 .ARM.attributes
                0x00000517       0x2d d:/stm32/gcc-arm-none-eabi-9-2019-q4-major-win32/bin/../lib/gcc/arm-none-eabi/9.2.1/../../../../arm-none-eabi/lib/thumb/v7-m/nofp\libg.a(lib_a-vfprintf.o)
 .ARM.attributes
                0x00000544       0x2d d:/stm32/gcc-arm-none-eabi-9-2019-q4-major-win32/bin/../lib/gcc/arm-none-eabi/9.2.1/../../../../arm-none-eabi/lib/thumb/v7-m/nofp\libg.a(lib_a-wsetup.o)
 .ARM.attributes
                0x00000571       0x2d d:/stm32/gcc-arm-none-eabi-9-2019-q4-major-win32/bin/../lib/gcc/arm-none-eabi/9.2.1/../../../../arm-none-eabi/lib/thumb/v7-m/nofp\libg.a(lib_a-__call_atexit.o)
 .ARM.attributes
                0x0000059e       0x2d d:/stm32/gcc-arm-none-eabi-9-2019-q4-major-win32/bin/../lib/gcc/arm-none-eabi/9.2.1/../../../../arm-none-eabi/lib/thumb/v7-m/nofp\libg.a(lib_a-atexit.o)
 .ARM.attributes
                0x000005cb       0x2d d:/stm32/gcc-arm-none-eabi-9-2019-q4-major-win32/bin/../lib/gcc/arm-none-eabi/9.2.1/../../../../arm-none-eabi/lib/thumb/v7-m/nofp\libg.a(lib_a-dtoa.o)
 .ARM.attributes
                0x000005f8       0x2d d:/stm32/gcc-arm-none-eabi-9-2019-q4-major-win32/bin/../lib/gcc/arm-none-eabi/9.2.1/../../../../arm-none-eabi/lib/thumb/v7-m/nofp\libg.a(lib_a-fflush.o)
 .ARM.attributes
                0x00000625       0x2d d:/stm32/gcc-arm-none-eabi-9-2019-q4-major-win32/bin/../lib/gcc/arm-none-eabi/9.2.1/../../../../arm-none-eabi/lib/thumb/v7-m/nofp\libg.a(lib_a-findfp.o)
 .ARM.attributes
                0x00000652       0x2d d:/stm32/gcc-arm-none-eabi-9-2019-q4-major-win32/bin/../lib/gcc/arm-none-eabi/9.2.1/../../../../arm-none-eabi/lib/thumb/v7-m/nofp\libg.a(lib_a-fini.o)
 .ARM.attributes
                0x0000067f       0x2d d:/stm32/gcc-arm-none-eabi-9-2019-q4-major-win32/bin/../lib/gcc/arm-none-eabi/9.2.1/../../../../arm-none-eabi/lib/thumb/v7-m/nofp\libg.a(lib_a-freer.o)
 .ARM.attributes
                0x000006ac       0x2d d:/stm32/gcc-arm-none-eabi-9-2019-q4-major-win32/bin/../lib/gcc/arm-none-eabi/9.2.1/../../../../arm-none-eabi/lib/thumb/v7-m/nofp\libg.a(lib_a-fwalk.o)
 .ARM.attributes
                0x000006d9       0x2d d:/stm32/gcc-arm-none-eabi-9-2019-q4-major-win32/bin/../lib/gcc/arm-none-eabi/9.2.1/../../../../arm-none-eabi/lib/thumb/v7-m/nofp\libg.a(lib_a-localeconv.o)
 .ARM.attributes
                0x00000706       0x2d d:/stm32/gcc-arm-none-eabi-9-2019-q4-major-win32/bin/../lib/gcc/arm-none-eabi/9.2.1/../../../../arm-none-eabi/lib/thumb/v7-m/nofp\libg.a(lib_a-lock.o)
 .ARM.attributes
                0x00000733       0x2d d:/stm32/gcc-arm-none-eabi-9-2019-q4-major-win32/bin/../lib/gcc/arm-none-eabi/9.2.1/../../../../arm-none-eabi/lib/thumb/v7-m/nofp\libg.a(lib_a-makebuf.o)
 .ARM.attributes
                0x00000760       0x2d d:/stm32/gcc-arm-none-eabi-9-2019-q4-major-win32/bin/../lib/gcc/arm-none-eabi/9.2.1/../../../../arm-none-eabi/lib/thumb/v7-m/nofp\libg.a(lib_a-mallocr.o)
 .ARM.attributes
                0x0000078d       0x2d d:/stm32/gcc-arm-none-eabi-9-2019-q4-major-win32/bin/../lib/gcc/arm-none-eabi/9.2.1/../../../../arm-none-eabi/lib/thumb/v7-m/nofp\libg.a(lib_a-memchr-stub.o)
 .ARM.attributes
                0x000007ba       0x1b d:/stm32/gcc-arm-none-eabi-9-2019-q4-major-win32/bin/../lib/gcc/arm-none-eabi/9.2.1/../../../../arm-none-eabi/lib/thumb/v7-m/nofp\libg.a(lib_a-memcpy.o)
 .ARM.attributes
                0x000007d5       0x2d d:/stm32/gcc-arm-none-eabi-9-2019-q4-major-win32/bin/../lib/gcc/arm-none-eabi/9.2.1/../../../../arm-none-eabi/lib/thumb/v7-m/nofp\libg.a(lib_a-mlock.o)
 .ARM.attributes
                0x00000802       0x2d d:/stm32/gcc-arm-none-eabi-9-2019-q4-major-win32/bin/../lib/gcc/arm-none-eabi/9.2.1/../../../../arm-none-eabi/lib/thumb/v7-m/nofp\libg.a(lib_a-mprec.o)
 .ARM.attributes
                0x0000082f       0x2d d:/stm32/gcc-arm-none-eabi-9-2019-q4-major-win32/bin/../lib/gcc/arm-none-eabi/9.2.1/../../../../arm-none-eabi/lib/thumb/v7-m/nofp\libg.a(lib_a-s_frexp.o)
 .ARM.attributes
                0x0000085c       0x2d d:/stm32/gcc-arm-none-eabi-9-2019-q4-major-win32/bin/../lib/gcc/arm-none-eabi/9.2.1/../../../../arm-none-eabi/lib/thumb/v7-m/nofp\libg.a(lib_a-sbrkr.o)
 .ARM.attributes
                0x00000889       0x2d d:/stm32/gcc-arm-none-eabi-9-2019-q4-major-win32/bin/../lib/gcc/arm-none-eabi/9.2.1/../../../../arm-none-eabi/lib/thumb/v7-m/nofp\libg.a(lib_a-stdio.o)
 .ARM.attributes
                0x000008b6       0x2d d:/stm32/gcc-arm-none-eabi-9-2019-q4-major-win32/bin/../lib/gcc/arm-none-eabi/9.2.1/../../../../arm-none-eabi/lib/thumb/v7-m/nofp\libg.a(lib_a-strlen-stub.o)
 .ARM.attributes
                0x000008e3       0x2d d:/stm32/gcc-arm-none-eabi-9-2019-q4-major-win32/bin/../lib/gcc/arm-none-eabi/9.2.1/../../../../arm-none-eabi/lib/thumb/v7-m/nofp\libg.a(lib_a-strncpy.o)
 .ARM.attributes
                0x00000910       0x2d d:/stm32/gcc-arm-none-eabi-9-2019-q4-major-win32/bin/../lib/gcc/arm-none-eabi/9.2.1/../../../../arm-none-eabi/lib/thumb/v7-m/nofp\libg.a(lib_a-vfiprintf.o)
 .ARM.attributes
                0x0000093d       0x2d d:/stm32/gcc-arm-none-eabi-9-2019-q4-major-win32/bin/../lib/gcc/arm-none-eabi/9.2.1/../../../../arm-none-eabi/lib/thumb/v7-m/nofp\libg.a(lib_a-writer.o)
 .ARM.attributes
                0x0000096a       0x2d d:/stm32/gcc-arm-none-eabi-9-2019-q4-major-win32/bin/../lib/gcc/arm-none-eabi/9.2.1/../../../../arm-none-eabi/lib/thumb/v7-m/nofp\libg.a(lib_a-__atexit.o)
 .ARM.attributes
                0x00000997       0x2d d:/stm32/gcc-arm-none-eabi-9-2019-q4-major-win32/bin/../lib/gcc/arm-none-eabi/9.2.1/../../../../arm-none-eabi/lib/thumb/v7-m/nofp\libg.a(lib_a-callocr.o)
 .ARM.attributes
                0x000009c4       0x2d d:/stm32/gcc-arm-none-eabi-9-2019-q4-major-win32/bin/../lib/gcc/arm-none-eabi/9.2.1/../../../../arm-none-eabi/lib/thumb/v7-m/nofp\libg.a(lib_a-closer.o)
 .ARM.attributes
                0x000009f1       0x2d d:/stm32/gcc-arm-none-eabi-9-2019-q4-major-win32/bin/../lib/gcc/arm-none-eabi/9.2.1/../../../../arm-none-eabi/lib/thumb/v7-m/nofp\libg.a(lib_a-fclose.o)
 .ARM.attributes
                0x00000a1e       0x2d d:/stm32/gcc-arm-none-eabi-9-2019-q4-major-win32/bin/../lib/gcc/arm-none-eabi/9.2.1/../../../../arm-none-eabi/lib/thumb/v7-m/nofp\libg.a(lib_a-fputwc.o)
 .ARM.attributes
                0x00000a4b       0x2d d:/stm32/gcc-arm-none-eabi-9-2019-q4-major-win32/bin/../lib/gcc/arm-none-eabi/9.2.1/../../../../arm-none-eabi/lib/thumb/v7-m/nofp\libg.a(lib_a-fstatr.o)
 .ARM.attributes
                0x00000a78       0x2d d:/stm32/gcc-arm-none-eabi-9-2019-q4-major-win32/bin/../lib/gcc/arm-none-eabi/9.2.1/../../../../arm-none-eabi/lib/thumb/v7-m/nofp\libg.a(lib_a-fvwrite.o)
 .ARM.attributes
                0x00000aa5       0x2d d:/stm32/gcc-arm-none-eabi-9-2019-q4-major-win32/bin/../lib/gcc/arm-none-eabi/9.2.1/../../../../arm-none-eabi/lib/thumb/v7-m/nofp\libg.a(lib_a-isattyr.o)
 .ARM.attributes
                0x00000ad2       0x2d d:/stm32/gcc-arm-none-eabi-9-2019-q4-major-win32/bin/../lib/gcc/arm-none-eabi/9.2.1/../../../../arm-none-eabi/lib/thumb/v7-m/nofp\libg.a(lib_a-locale.o)
 .ARM.attributes
                0x00000aff       0x2d d:/stm32/gcc-arm-none-eabi-9-2019-q4-major-win32/bin/../lib/gcc/arm-none-eabi/9.2.1/../../../../arm-none-eabi/lib/thumb/v7-m/nofp\libg.a(lib_a-lseekr.o)
 .ARM.attributes
                0x00000b2c       0x2d d:/stm32/gcc-arm-none-eabi-9-2019-q4-major-win32/bin/../lib/gcc/arm-none-eabi/9.2.1/../../../../arm-none-eabi/lib/thumb/v7-m/nofp\libg.a(lib_a-mbtowc_r.o)
 .ARM.attributes
                0x00000b59       0x2d d:/stm32/gcc-arm-none-eabi-9-2019-q4-major-win32/bin/../lib/gcc/arm-none-eabi/9.2.1/../../../../arm-none-eabi/lib/thumb/v7-m/nofp\libg.a(lib_a-memmove.o)
 .ARM.attributes
                0x00000b86       0x2d d:/stm32/gcc-arm-none-eabi-9-2019-q4-major-win32/bin/../lib/gcc/arm-none-eabi/9.2.1/../../../../arm-none-eabi/lib/thumb/v7-m/nofp\libg.a(lib_a-readr.o)
 .ARM.attributes
                0x00000bb3       0x2d d:/stm32/gcc-arm-none-eabi-9-2019-q4-major-win32/bin/../lib/gcc/arm-none-eabi/9.2.1/../../../../arm-none-eabi/lib/thumb/v7-m/nofp\libg.a(lib_a-reallocr.o)
 .ARM.attributes
                0x00000be0       0x2d d:/stm32/gcc-arm-none-eabi-9-2019-q4-major-win32/bin/../lib/gcc/arm-none-eabi/9.2.1/../../../../arm-none-eabi/lib/thumb/v7-m/nofp\libg.a(lib_a-reent.o)
 .ARM.attributes
                0x00000c0d       0x2d d:/stm32/gcc-arm-none-eabi-9-2019-q4-major-win32/bin/../lib/gcc/arm-none-eabi/9.2.1/../../../../arm-none-eabi/lib/thumb/v7-m/nofp\libg.a(lib_a-wbuf.o)
 .ARM.attributes
                0x00000c3a       0x2d d:/stm32/gcc-arm-none-eabi-9-2019-q4-major-win32/bin/../lib/gcc/arm-none-eabi/9.2.1/../../../../arm-none-eabi/lib/thumb/v7-m/nofp\libg.a(lib_a-wcrtomb.o)
 .ARM.attributes
                0x00000c67       0x2d d:/stm32/gcc-arm-none-eabi-9-2019-q4-major-win32/bin/../lib/gcc/arm-none-eabi/9.2.1/../../../../arm-none-eabi/lib/thumb/v7-m/nofp\libg.a(lib_a-wctomb_r.o)
 .ARM.attributes
                0x00000c94       0x2d d:/stm32/gcc-arm-none-eabi-9-2019-q4-major-win32/bin/../lib/gcc/arm-none-eabi/9.2.1/../../../../arm-none-eabi/lib/thumb/v7-m/nofp\libg.a(lib_a-ctype_.o)
 .ARM.attributes
                0x00000cc1       0x1d d:/stm32/gcc-arm-none-eabi-9-2019-q4-major-win32/bin/../lib/gcc/arm-none-eabi/9.2.1/thumb/v7-m/nofp\libgcc.a(_arm_cmpdf2.o)
 .ARM.attributes
                0x00000cde       0x1d d:/stm32/gcc-arm-none-eabi-9-2019-q4-major-win32/bin/../lib/gcc/arm-none-eabi/9.2.1/thumb/v7-m/nofp\libgcc.a(_arm_unorddf2.o)
 .ARM.attributes
                0x00000cfb       0x1d d:/stm32/gcc-arm-none-eabi-9-2019-q4-major-win32/bin/../lib/gcc/arm-none-eabi/9.2.1/thumb/v7-m/nofp\libgcc.a(_arm_fixdfsi.o)
 .ARM.attributes
                0x00000d18       0x1d d:/stm32/gcc-arm-none-eabi-9-2019-q4-major-win32/bin/../lib/gcc/arm-none-eabi/9.2.1/thumb/v7-m/nofp\libgcc.a(_aeabi_uldivmod.o)
 .ARM.attributes
                0x00000d35       0x2d d:/stm32/gcc-arm-none-eabi-9-2019-q4-major-win32/bin/../lib/gcc/arm-none-eabi/9.2.1/thumb/v7-m/nofp\libgcc.a(_udivmoddi4.o)
 .ARM.attributes
                0x00000d62       0x1d d:/stm32/gcc-arm-none-eabi-9-2019-q4-major-win32/bin/../lib/gcc/arm-none-eabi/9.2.1/thumb/v7-m/nofp\libgcc.a(_dvmd_tls.o)
 .ARM.attributes
                0x00000d7f       0x1d d:/stm32/gcc-arm-none-eabi-9-2019-q4-major-win32/bin/../lib/gcc/arm-none-eabi/9.2.1/thumb/v7-m/nofp/crtn.o
OUTPUT(BH1750.elf elf32-littlearm)

.debug_info     0x00000000    0x11f27
 .debug_info    0x00000000      0x897 CMakeFiles/BH1750.elf.dir/Drivers/STM32F1xx_HAL_Driver/Src/stm32f1xx_hal.c.obj
 .debug_info    0x00000897      0xeac CMakeFiles/BH1750.elf.dir/Drivers/STM32F1xx_HAL_Driver/Src/stm32f1xx_hal_cortex.c.obj
 .debug_info    0x00001743      0x75b CMakeFiles/BH1750.elf.dir/Drivers/STM32F1xx_HAL_Driver/Src/stm32f1xx_hal_gpio.c.obj
 .debug_info    0x00001e9e     0x3b7e CMakeFiles/BH1750.elf.dir/Drivers/STM32F1xx_HAL_Driver/Src/stm32f1xx_hal_i2c.c.obj
 .debug_info    0x00005a1c      0x77b CMakeFiles/BH1750.elf.dir/Drivers/STM32F1xx_HAL_Driver/Src/stm32f1xx_hal_pwr.c.obj
 .debug_info    0x00006197      0xab0 CMakeFiles/BH1750.elf.dir/Drivers/STM32F1xx_HAL_Driver/Src/stm32f1xx_hal_rcc.c.obj
 .debug_info    0x00006c47      0x53e CMakeFiles/BH1750.elf.dir/Drivers/STM32F1xx_HAL_Driver/Src/stm32f1xx_hal_rcc_ex.c.obj
 .debug_info    0x00007185     0x1597 CMakeFiles/BH1750.elf.dir/Drivers/STM32F1xx_HAL_Driver/Src/stm32f1xx_hal_rtc.c.obj
 .debug_info    0x0000871c     0x42e1 CMakeFiles/BH1750.elf.dir/Drivers/STM32F1xx_HAL_Driver/Src/stm32f1xx_hal_uart.c.obj
 .debug_info    0x0000c9fd      0xa53 CMakeFiles/BH1750.elf.dir/Src/bh1750.c.obj
 .debug_info    0x0000d450      0x268 CMakeFiles/BH1750.elf.dir/Src/gpio.c.obj
 .debug_info    0x0000d6b8      0x978 CMakeFiles/BH1750.elf.dir/Src/i2c.c.obj
 .debug_info    0x0000e030     0x16f4 CMakeFiles/BH1750.elf.dir/Src/main.c.obj
 .debug_info    0x0000f724      0x534 CMakeFiles/BH1750.elf.dir/Src/rtc.c.obj
 .debug_info    0x0000fc58      0x2fd CMakeFiles/BH1750.elf.dir/Src/stm32f1xx_hal_msp.c.obj
 .debug_info    0x0000ff55      0x239 CMakeFiles/BH1750.elf.dir/Src/stm32f1xx_it.c.obj
 .debug_info    0x0001018e     0x112a CMakeFiles/BH1750.elf.dir/Src/syscalls.c.obj
 .debug_info    0x000112b8      0x2c9 CMakeFiles/BH1750.elf.dir/Src/system_stm32f1xx.c.obj
 .debug_info    0x00011581      0x984 CMakeFiles/BH1750.elf.dir/Src/usart.c.obj
 .debug_info    0x00011f05       0x22 CMakeFiles/BH1750.elf.dir/startup/startup_stm32f103xe.s.obj

.debug_abbrev   0x00000000     0x2893
 .debug_abbrev  0x00000000      0x219 CMakeFiles/BH1750.elf.dir/Drivers/STM32F1xx_HAL_Driver/Src/stm32f1xx_hal.c.obj
 .debug_abbrev  0x00000219      0x367 CMakeFiles/BH1750.elf.dir/Drivers/STM32F1xx_HAL_Driver/Src/stm32f1xx_hal_cortex.c.obj
 .debug_abbrev  0x00000580      0x213 CMakeFiles/BH1750.elf.dir/Drivers/STM32F1xx_HAL_Driver/Src/stm32f1xx_hal_gpio.c.obj
 .debug_abbrev  0x00000793      0x2bf CMakeFiles/BH1750.elf.dir/Drivers/STM32F1xx_HAL_Driver/Src/stm32f1xx_hal_i2c.c.obj
 .debug_abbrev  0x00000a52      0x204 CMakeFiles/BH1750.elf.dir/Drivers/STM32F1xx_HAL_Driver/Src/stm32f1xx_hal_pwr.c.obj
 .debug_abbrev  0x00000c56      0x28d CMakeFiles/BH1750.elf.dir/Drivers/STM32F1xx_HAL_Driver/Src/stm32f1xx_hal_rcc.c.obj
 .debug_abbrev  0x00000ee3      0x1f8 CMakeFiles/BH1750.elf.dir/Drivers/STM32F1xx_HAL_Driver/Src/stm32f1xx_hal_rcc_ex.c.obj
 .debug_abbrev  0x000010db      0x22e CMakeFiles/BH1750.elf.dir/Drivers/STM32F1xx_HAL_Driver/Src/stm32f1xx_hal_rtc.c.obj
 .debug_abbrev  0x00001309      0x315 CMakeFiles/BH1750.elf.dir/Drivers/STM32F1xx_HAL_Driver/Src/stm32f1xx_hal_uart.c.obj
 .debug_abbrev  0x0000161e      0x236 CMakeFiles/BH1750.elf.dir/Src/bh1750.c.obj
 .debug_abbrev  0x00001854      0x11a CMakeFiles/BH1750.elf.dir/Src/gpio.c.obj
 .debug_abbrev  0x0000196e      0x1ed CMakeFiles/BH1750.elf.dir/Src/i2c.c.obj
 .debug_abbrev  0x00001b5b      0x2c1 CMakeFiles/BH1750.elf.dir/Src/main.c.obj
 .debug_abbrev  0x00001e1c      0x1ba CMakeFiles/BH1750.elf.dir/Src/rtc.c.obj
 .debug_abbrev  0x00001fd6      0x12e CMakeFiles/BH1750.elf.dir/Src/stm32f1xx_hal_msp.c.obj
 .debug_abbrev  0x00002104       0xef CMakeFiles/BH1750.elf.dir/Src/stm32f1xx_it.c.obj
 .debug_abbrev  0x000021f3      0x31e CMakeFiles/BH1750.elf.dir/Src/syscalls.c.obj
 .debug_abbrev  0x00002511      0x151 CMakeFiles/BH1750.elf.dir/Src/system_stm32f1xx.c.obj
 .debug_abbrev  0x00002662      0x21f CMakeFiles/BH1750.elf.dir/Src/usart.c.obj
 .debug_abbrev  0x00002881       0x12 CMakeFiles/BH1750.elf.dir/startup/startup_stm32f103xe.s.obj

.debug_loc      0x00000000     0xc1be
 .debug_loc     0x00000000      0x141 CMakeFiles/BH1750.elf.dir/Drivers/STM32F1xx_HAL_Driver/Src/stm32f1xx_hal.c.obj
 .debug_loc     0x00000141      0x71f CMakeFiles/BH1750.elf.dir/Drivers/STM32F1xx_HAL_Driver/Src/stm32f1xx_hal_cortex.c.obj
 .debug_loc     0x00000860      0x45b CMakeFiles/BH1750.elf.dir/Drivers/STM32F1xx_HAL_Driver/Src/stm32f1xx_hal_gpio.c.obj
 .debug_loc     0x00000cbb     0x4129 CMakeFiles/BH1750.elf.dir/Drivers/STM32F1xx_HAL_Driver/Src/stm32f1xx_hal_i2c.c.obj
 .debug_loc     0x00004de4      0x142 CMakeFiles/BH1750.elf.dir/Drivers/STM32F1xx_HAL_Driver/Src/stm32f1xx_hal_pwr.c.obj
 .debug_loc     0x00004f26      0x5e7 CMakeFiles/BH1750.elf.dir/Drivers/STM32F1xx_HAL_Driver/Src/stm32f1xx_hal_rcc.c.obj
 .debug_loc     0x0000550d      0x3c6 CMakeFiles/BH1750.elf.dir/Drivers/STM32F1xx_HAL_Driver/Src/stm32f1xx_hal_rcc_ex.c.obj
 .debug_loc     0x000058d3     0x17c6 CMakeFiles/BH1750.elf.dir/Drivers/STM32F1xx_HAL_Driver/Src/stm32f1xx_hal_rtc.c.obj
 .debug_loc     0x00007099     0x487b CMakeFiles/BH1750.elf.dir/Drivers/STM32F1xx_HAL_Driver/Src/stm32f1xx_hal_uart.c.obj
 .debug_loc     0x0000b914      0x22d CMakeFiles/BH1750.elf.dir/Src/bh1750.c.obj
 .debug_loc     0x0000bb41       0x67 CMakeFiles/BH1750.elf.dir/Src/i2c.c.obj
 .debug_loc     0x0000bba8       0x25 CMakeFiles/BH1750.elf.dir/Src/rtc.c.obj
 .debug_loc     0x0000bbcd       0x15 CMakeFiles/BH1750.elf.dir/Src/stm32f1xx_hal_msp.c.obj
 .debug_loc     0x0000bbe2      0x436 CMakeFiles/BH1750.elf.dir/Src/syscalls.c.obj
 .debug_loc     0x0000c018       0xff CMakeFiles/BH1750.elf.dir/Src/system_stm32f1xx.c.obj
 .debug_loc     0x0000c117       0xa7 CMakeFiles/BH1750.elf.dir/Src/usart.c.obj

.debug_aranges  0x00000000      0xbb8
 .debug_aranges
                0x00000000       0xe0 CMakeFiles/BH1750.elf.dir/Drivers/STM32F1xx_HAL_Driver/Src/stm32f1xx_hal.c.obj
 .debug_aranges
                0x000000e0       0x90 CMakeFiles/BH1750.elf.dir/Drivers/STM32F1xx_HAL_Driver/Src/stm32f1xx_hal_cortex.c.obj
 .debug_aranges
                0x00000170       0x58 CMakeFiles/BH1750.elf.dir/Drivers/STM32F1xx_HAL_Driver/Src/stm32f1xx_hal_gpio.c.obj
 .debug_aranges
                0x000001c8      0x2a8 CMakeFiles/BH1750.elf.dir/Drivers/STM32F1xx_HAL_Driver/Src/stm32f1xx_hal_i2c.c.obj
 .debug_aranges
                0x00000470       0xa8 CMakeFiles/BH1750.elf.dir/Drivers/STM32F1xx_HAL_Driver/Src/stm32f1xx_hal_pwr.c.obj
 .debug_aranges
                0x00000518       0x90 CMakeFiles/BH1750.elf.dir/Drivers/STM32F1xx_HAL_Driver/Src/stm32f1xx_hal_rcc.c.obj
 .debug_aranges
                0x000005a8       0x30 CMakeFiles/BH1750.elf.dir/Drivers/STM32F1xx_HAL_Driver/Src/stm32f1xx_hal_rcc_ex.c.obj
 .debug_aranges
                0x000005d8       0xf8 CMakeFiles/BH1750.elf.dir/Drivers/STM32F1xx_HAL_Driver/Src/stm32f1xx_hal_rtc.c.obj
 .debug_aranges
                0x000006d0      0x208 CMakeFiles/BH1750.elf.dir/Drivers/STM32F1xx_HAL_Driver/Src/stm32f1xx_hal_uart.c.obj
 .debug_aranges
                0x000008d8       0x78 CMakeFiles/BH1750.elf.dir/Src/bh1750.c.obj
 .debug_aranges
                0x00000950       0x20 CMakeFiles/BH1750.elf.dir/Src/gpio.c.obj
 .debug_aranges
                0x00000970       0x30 CMakeFiles/BH1750.elf.dir/Src/i2c.c.obj
 .debug_aranges
                0x000009a0       0x30 CMakeFiles/BH1750.elf.dir/Src/main.c.obj
 .debug_aranges
                0x000009d0       0x30 CMakeFiles/BH1750.elf.dir/Src/rtc.c.obj
 .debug_aranges
                0x00000a00       0x20 CMakeFiles/BH1750.elf.dir/Src/stm32f1xx_hal_msp.c.obj
 .debug_aranges
                0x00000a20       0x60 CMakeFiles/BH1750.elf.dir/Src/stm32f1xx_it.c.obj
 .debug_aranges
                0x00000a80       0xb0 CMakeFiles/BH1750.elf.dir/Src/syscalls.c.obj
 .debug_aranges
                0x00000b30       0x28 CMakeFiles/BH1750.elf.dir/Src/system_stm32f1xx.c.obj
 .debug_aranges
                0x00000b58       0x38 CMakeFiles/BH1750.elf.dir/Src/usart.c.obj
 .debug_aranges
                0x00000b90       0x28 CMakeFiles/BH1750.elf.dir/startup/startup_stm32f103xe.s.obj

.debug_ranges   0x00000000      0xb48
 .debug_ranges  0x00000000       0xd0 CMakeFiles/BH1750.elf.dir/Drivers/STM32F1xx_HAL_Driver/Src/stm32f1xx_hal.c.obj
 .debug_ranges  0x000000d0       0xe0 CMakeFiles/BH1750.elf.dir/Drivers/STM32F1xx_HAL_Driver/Src/stm32f1xx_hal_cortex.c.obj
 .debug_ranges  0x000001b0       0x48 CMakeFiles/BH1750.elf.dir/Drivers/STM32F1xx_HAL_Driver/Src/stm32f1xx_hal_gpio.c.obj
 .debug_ranges  0x000001f8      0x2b0 CMakeFiles/BH1750.elf.dir/Drivers/STM32F1xx_HAL_Driver/Src/stm32f1xx_hal_i2c.c.obj
 .debug_ranges  0x000004a8       0x98 CMakeFiles/BH1750.elf.dir/Drivers/STM32F1xx_HAL_Driver/Src/stm32f1xx_hal_pwr.c.obj
 .debug_ranges  0x00000540       0xa0 CMakeFiles/BH1750.elf.dir/Drivers/STM32F1xx_HAL_Driver/Src/stm32f1xx_hal_rcc.c.obj
 .debug_ranges  0x000005e0       0x38 CMakeFiles/BH1750.elf.dir/Drivers/STM32F1xx_HAL_Driver/Src/stm32f1xx_hal_rcc_ex.c.obj
 .debug_ranges  0x00000618       0xe8 CMakeFiles/BH1750.elf.dir/Drivers/STM32F1xx_HAL_Driver/Src/stm32f1xx_hal_rtc.c.obj
 .debug_ranges  0x00000700      0x210 CMakeFiles/BH1750.elf.dir/Drivers/STM32F1xx_HAL_Driver/Src/stm32f1xx_hal_uart.c.obj
 .debug_ranges  0x00000910       0x68 CMakeFiles/BH1750.elf.dir/Src/bh1750.c.obj
 .debug_ranges  0x00000978       0x10 CMakeFiles/BH1750.elf.dir/Src/gpio.c.obj
 .debug_ranges  0x00000988       0x20 CMakeFiles/BH1750.elf.dir/Src/i2c.c.obj
 .debug_ranges  0x000009a8       0x20 CMakeFiles/BH1750.elf.dir/Src/main.c.obj
 .debug_ranges  0x000009c8       0x20 CMakeFiles/BH1750.elf.dir/Src/rtc.c.obj
 .debug_ranges  0x000009e8       0x10 CMakeFiles/BH1750.elf.dir/Src/stm32f1xx_hal_msp.c.obj
 .debug_ranges  0x000009f8       0x50 CMakeFiles/BH1750.elf.dir/Src/stm32f1xx_it.c.obj
 .debug_ranges  0x00000a48       0xa0 CMakeFiles/BH1750.elf.dir/Src/syscalls.c.obj
 .debug_ranges  0x00000ae8       0x18 CMakeFiles/BH1750.elf.dir/Src/system_stm32f1xx.c.obj
 .debug_ranges  0x00000b00       0x28 CMakeFiles/BH1750.elf.dir/Src/usart.c.obj
 .debug_ranges  0x00000b28       0x20 CMakeFiles/BH1750.elf.dir/startup/startup_stm32f103xe.s.obj

.debug_line     0x00000000     0xfa52
 .debug_line    0x00000000      0x56a CMakeFiles/BH1750.elf.dir/Drivers/STM32F1xx_HAL_Driver/Src/stm32f1xx_hal.c.obj
 .debug_line    0x0000056a      0x6c0 CMakeFiles/BH1750.elf.dir/Drivers/STM32F1xx_HAL_Driver/Src/stm32f1xx_hal_cortex.c.obj
 .debug_line    0x00000c2a      0x680 CMakeFiles/BH1750.elf.dir/Drivers/STM32F1xx_HAL_Driver/Src/stm32f1xx_hal_gpio.c.obj
 .debug_line    0x000012aa     0x562c CMakeFiles/BH1750.elf.dir/Drivers/STM32F1xx_HAL_Driver/Src/stm32f1xx_hal_i2c.c.obj
 .debug_line    0x000068d6      0x4c5 CMakeFiles/BH1750.elf.dir/Drivers/STM32F1xx_HAL_Driver/Src/stm32f1xx_hal_pwr.c.obj
 .debug_line    0x00006d9b      0xc79 CMakeFiles/BH1750.elf.dir/Drivers/STM32F1xx_HAL_Driver/Src/stm32f1xx_hal_rcc.c.obj
 .debug_line    0x00007a14      0x52f CMakeFiles/BH1750.elf.dir/Drivers/STM32F1xx_HAL_Driver/Src/stm32f1xx_hal_rcc_ex.c.obj
 .debug_line    0x00007f43     0x11d7 CMakeFiles/BH1750.elf.dir/Drivers/STM32F1xx_HAL_Driver/Src/stm32f1xx_hal_rtc.c.obj
 .debug_line    0x0000911a     0x4401 CMakeFiles/BH1750.elf.dir/Drivers/STM32F1xx_HAL_Driver/Src/stm32f1xx_hal_uart.c.obj
 .debug_line    0x0000d51b      0x671 CMakeFiles/BH1750.elf.dir/Src/bh1750.c.obj
 .debug_line    0x0000db8c      0x20e CMakeFiles/BH1750.elf.dir/Src/gpio.c.obj
 .debug_line    0x0000dd9a      0x36f CMakeFiles/BH1750.elf.dir/Src/i2c.c.obj
 .debug_line    0x0000e109      0x502 CMakeFiles/BH1750.elf.dir/Src/main.c.obj
 .debug_line    0x0000e60b      0x304 CMakeFiles/BH1750.elf.dir/Src/rtc.c.obj
 .debug_line    0x0000e90f      0x221 CMakeFiles/BH1750.elf.dir/Src/stm32f1xx_hal_msp.c.obj
 .debug_line    0x0000eb30      0x2ed CMakeFiles/BH1750.elf.dir/Src/stm32f1xx_it.c.obj
 .debug_line    0x0000ee1d      0x523 CMakeFiles/BH1750.elf.dir/Src/syscalls.c.obj
 .debug_line    0x0000f340      0x2d5 CMakeFiles/BH1750.elf.dir/Src/system_stm32f1xx.c.obj
 .debug_line    0x0000f615      0x3a9 CMakeFiles/BH1750.elf.dir/Src/usart.c.obj
 .debug_line    0x0000f9be       0x94 CMakeFiles/BH1750.elf.dir/startup/startup_stm32f103xe.s.obj

.debug_str      0x00000000     0x3a18
 .debug_str     0x00000000      0x934 CMakeFiles/BH1750.elf.dir/Drivers/STM32F1xx_HAL_Driver/Src/stm32f1xx_hal.c.obj
                                0x99d (size before relaxing)
 .debug_str     0x00000934      0x3d9 CMakeFiles/BH1750.elf.dir/Drivers/STM32F1xx_HAL_Driver/Src/stm32f1xx_hal_cortex.c.obj
                                0xab9 (size before relaxing)
 .debug_str     0x00000d0d      0x1dd CMakeFiles/BH1750.elf.dir/Drivers/STM32F1xx_HAL_Driver/Src/stm32f1xx_hal_gpio.c.obj
                                0x526 (size before relaxing)
 .debug_str     0x00000eea      0xd54 CMakeFiles/BH1750.elf.dir/Drivers/STM32F1xx_HAL_Driver/Src/stm32f1xx_hal_i2c.c.obj
                               0x10c9 (size before relaxing)
 .debug_str     0x00001c3e      0x24c CMakeFiles/BH1750.elf.dir/Drivers/STM32F1xx_HAL_Driver/Src/stm32f1xx_hal_pwr.c.obj
                                0x5af (size before relaxing)
 .debug_str     0x00001e8a      0x303 CMakeFiles/BH1750.elf.dir/Drivers/STM32F1xx_HAL_Driver/Src/stm32f1xx_hal_rcc.c.obj
                                0x708 (size before relaxing)
 .debug_str     0x0000218d      0x165 CMakeFiles/BH1750.elf.dir/Drivers/STM32F1xx_HAL_Driver/Src/stm32f1xx_hal_rcc_ex.c.obj
                                0x525 (size before relaxing)
 .debug_str     0x000022f2      0x503 CMakeFiles/BH1750.elf.dir/Drivers/STM32F1xx_HAL_Driver/Src/stm32f1xx_hal_rtc.c.obj
                                0x8ce (size before relaxing)
 .debug_str     0x000027f5      0x842 CMakeFiles/BH1750.elf.dir/Drivers/STM32F1xx_HAL_Driver/Src/stm32f1xx_hal_uart.c.obj
                                0xe08 (size before relaxing)
 .debug_str     0x00003037       0xf1 CMakeFiles/BH1750.elf.dir/Src/bh1750.c.obj
                                0x42b (size before relaxing)
 .debug_str     0x00003128       0x2f CMakeFiles/BH1750.elf.dir/Src/gpio.c.obj
                                0x306 (size before relaxing)
 .debug_str     0x00003157       0x4c CMakeFiles/BH1750.elf.dir/Src/i2c.c.obj
                                0x843 (size before relaxing)
 .debug_str     0x000031a3      0x415 CMakeFiles/BH1750.elf.dir/Src/main.c.obj
                               0x10c6 (size before relaxing)
 .debug_str     0x000035b8       0x2b CMakeFiles/BH1750.elf.dir/Src/rtc.c.obj
                                0x4f7 (size before relaxing)
 .debug_str     0x000035e3       0x2f CMakeFiles/BH1750.elf.dir/Src/stm32f1xx_hal_msp.c.obj
                                0x340 (size before relaxing)
 .debug_str     0x00003612       0xba CMakeFiles/BH1750.elf.dir/Src/stm32f1xx_it.c.obj
                                0x357 (size before relaxing)
 .debug_str     0x000036cc      0x27a CMakeFiles/BH1750.elf.dir/Src/syscalls.c.obj
                                0x86a (size before relaxing)
 .debug_str     0x00003946       0x61 CMakeFiles/BH1750.elf.dir/Src/system_stm32f1xx.c.obj
                                0x337 (size before relaxing)
 .debug_str     0x000039a7       0x2e CMakeFiles/BH1750.elf.dir/Src/usart.c.obj
                                0x7ee (size before relaxing)
 .debug_str     0x000039d5       0x43 CMakeFiles/BH1750.elf.dir/startup/startup_stm32f103xe.s.obj
                                 0x6c (size before relaxing)

.comment        0x00000000       0x79
 .comment       0x00000000       0x79 CMakeFiles/BH1750.elf.dir/Drivers/STM32F1xx_HAL_Driver/Src/stm32f1xx_hal.c.obj
                                 0x7a (size before relaxing)
 .comment       0x00000079       0x7a CMakeFiles/BH1750.elf.dir/Drivers/STM32F1xx_HAL_Driver/Src/stm32f1xx_hal_cortex.c.obj
 .comment       0x00000079       0x7a CMakeFiles/BH1750.elf.dir/Drivers/STM32F1xx_HAL_Driver/Src/stm32f1xx_hal_gpio.c.obj
 .comment       0x00000079       0x7a CMakeFiles/BH1750.elf.dir/Drivers/STM32F1xx_HAL_Driver/Src/stm32f1xx_hal_i2c.c.obj
 .comment       0x00000079       0x7a CMakeFiles/BH1750.elf.dir/Drivers/STM32F1xx_HAL_Driver/Src/stm32f1xx_hal_pwr.c.obj
 .comment       0x00000079       0x7a CMakeFiles/BH1750.elf.dir/Drivers/STM32F1xx_HAL_Driver/Src/stm32f1xx_hal_rcc.c.obj
 .comment       0x00000079       0x7a CMakeFiles/BH1750.elf.dir/Drivers/STM32F1xx_HAL_Driver/Src/stm32f1xx_hal_rcc_ex.c.obj
 .comment       0x00000079       0x7a CMakeFiles/BH1750.elf.dir/Drivers/STM32F1xx_HAL_Driver/Src/stm32f1xx_hal_rtc.c.obj
 .comment       0x00000079       0x7a CMakeFiles/BH1750.elf.dir/Drivers/STM32F1xx_HAL_Driver/Src/stm32f1xx_hal_uart.c.obj
 .comment       0x00000079       0x7a CMakeFiles/BH1750.elf.dir/Src/bh1750.c.obj
 .comment       0x00000079       0x7a CMakeFiles/BH1750.elf.dir/Src/gpio.c.obj
 .comment       0x00000079       0x7a CMakeFiles/BH1750.elf.dir/Src/i2c.c.obj
 .comment       0x00000079       0x7a CMakeFiles/BH1750.elf.dir/Src/main.c.obj
 .comment       0x00000079       0x7a CMakeFiles/BH1750.elf.dir/Src/rtc.c.obj
 .comment       0x00000079       0x7a CMakeFiles/BH1750.elf.dir/Src/stm32f1xx_hal_msp.c.obj
 .comment       0x00000079       0x7a CMakeFiles/BH1750.elf.dir/Src/stm32f1xx_it.c.obj
 .comment       0x00000079       0x7a CMakeFiles/BH1750.elf.dir/Src/syscalls.c.obj
 .comment       0x00000079       0x7a CMakeFiles/BH1750.elf.dir/Src/system_stm32f1xx.c.obj
 .comment       0x00000079       0x7a CMakeFiles/BH1750.elf.dir/Src/usart.c.obj

.debug_frame    0x00000000     0x3338
 .debug_frame   0x00000000      0x1cc CMakeFiles/BH1750.elf.dir/Drivers/STM32F1xx_HAL_Driver/Src/stm32f1xx_hal.c.obj
 .debug_frame   0x000001cc      0x12c CMakeFiles/BH1750.elf.dir/Drivers/STM32F1xx_HAL_Driver/Src/stm32f1xx_hal_cortex.c.obj
 .debug_frame   0x000002f8       0xe8 CMakeFiles/BH1750.elf.dir/Drivers/STM32F1xx_HAL_Driver/Src/stm32f1xx_hal_gpio.c.obj
 .debug_frame   0x000003e0      0x988 CMakeFiles/BH1750.elf.dir/Drivers/STM32F1xx_HAL_Driver/Src/stm32f1xx_hal_i2c.c.obj
 .debug_frame   0x00000d68      0x140 CMakeFiles/BH1750.elf.dir/Drivers/STM32F1xx_HAL_Driver/Src/stm32f1xx_hal_pwr.c.obj
 .debug_frame   0x00000ea8      0x184 CMakeFiles/BH1750.elf.dir/Drivers/STM32F1xx_HAL_Driver/Src/stm32f1xx_hal_rcc.c.obj
 .debug_frame   0x0000102c       0x5c CMakeFiles/BH1750.elf.dir/Drivers/STM32F1xx_HAL_Driver/Src/stm32f1xx_hal_rcc_ex.c.obj
 .debug_frame   0x00001088      0x358 CMakeFiles/BH1750.elf.dir/Drivers/STM32F1xx_HAL_Driver/Src/stm32f1xx_hal_rtc.c.obj
 .debug_frame   0x000013e0      0x5d8 CMakeFiles/BH1750.elf.dir/Drivers/STM32F1xx_HAL_Driver/Src/stm32f1xx_hal_uart.c.obj
 .debug_frame   0x000019b8      0x144 CMakeFiles/BH1750.elf.dir/Src/bh1750.c.obj
 .debug_frame   0x00001afc       0x28 CMakeFiles/BH1750.elf.dir/Src/gpio.c.obj
 .debug_frame   0x00001b24       0x60 CMakeFiles/BH1750.elf.dir/Src/i2c.c.obj
 .debug_frame   0x00001b84       0x58 CMakeFiles/BH1750.elf.dir/Src/main.c.obj
 .debug_frame   0x00001bdc       0x54 CMakeFiles/BH1750.elf.dir/Src/rtc.c.obj
 .debug_frame   0x00001c30       0x28 CMakeFiles/BH1750.elf.dir/Src/stm32f1xx_hal_msp.c.obj
 .debug_frame   0x00001c58       0xa8 CMakeFiles/BH1750.elf.dir/Src/stm32f1xx_it.c.obj
 .debug_frame   0x00001d00      0x1a8 CMakeFiles/BH1750.elf.dir/Src/syscalls.c.obj
 .debug_frame   0x00001ea8       0x30 CMakeFiles/BH1750.elf.dir/Src/system_stm32f1xx.c.obj
 .debug_frame   0x00001ed8       0x7c CMakeFiles/BH1750.elf.dir/Src/usart.c.obj
 .debug_frame   0x00001f54       0xac d:/stm32/gcc-arm-none-eabi-9-2019-q4-major-win32/bin/../lib/gcc/arm-none-eabi/9.2.1/thumb/v7-m/nofp\libgcc.a(_arm_addsubdf3.o)
 .debug_frame   0x00002000       0x50 d:/stm32/gcc-arm-none-eabi-9-2019-q4-major-win32/bin/../lib/gcc/arm-none-eabi/9.2.1/thumb/v7-m/nofp\libgcc.a(_arm_muldivdf3.o)
 .debug_frame   0x00002050       0x24 d:/stm32/gcc-arm-none-eabi-9-2019-q4-major-win32/bin/../lib/gcc/arm-none-eabi/9.2.1/thumb/v7-m/nofp\libgcc.a(_arm_fixunsdfsi.o)
 .debug_frame   0x00002074       0x4c d:/stm32/gcc-arm-none-eabi-9-2019-q4-major-win32/bin/../lib/gcc/arm-none-eabi/9.2.1/thumb/v7-m/nofp\libgcc.a(_arm_addsubsf3.o)
 .debug_frame   0x000020c0       0x20 d:/stm32/gcc-arm-none-eabi-9-2019-q4-major-win32/bin/../lib/gcc/arm-none-eabi/9.2.1/../../../../arm-none-eabi/lib/thumb/v7-m/nofp\libg.a(lib_a-errno.o)